Component: ARM Compiler 5.06 update 7 (build 960) Tool: armlink [4d3601]

==============================================================================

Section Cross References

    startup_stm32f407xx.o(RESET) refers to startup_stm32f407xx.o(STACK) for __initial_sp
    startup_stm32f407xx.o(RESET) refers to startup_stm32f407xx.o(.text) for Reset_Handler
    startup_stm32f407xx.o(RESET) refers to stm32f4xx_it.o(i.NMI_Handler) for NMI_Handler
    startup_stm32f407xx.o(RESET) refers to stm32f4xx_it.o(i.HardFault_Handler) for HardFault_Handler
    startup_stm32f407xx.o(RESET) refers to stm32f4xx_it.o(i.MemManage_Handler) for MemManage_Handler
    startup_stm32f407xx.o(RESET) refers to stm32f4xx_it.o(i.BusFault_Handler) for BusFault_Handler
    startup_stm32f407xx.o(RESET) refers to stm32f4xx_it.o(i.UsageFault_Handler) for UsageFault_Handler
    startup_stm32f407xx.o(RESET) refers to port.o(.emb_text) for SVC_Handler
    startup_stm32f407xx.o(RESET) refers to stm32f4xx_it.o(i.DebugMon_Handler) for DebugMon_Handler
    startup_stm32f407xx.o(RESET) refers to stm32f4xx_it.o(i.SysTick_Handler) for SysTick_Handler
    startup_stm32f407xx.o(RESET) refers to stm32f4xx_it.o(i.TIM3_IRQHandler) for TIM3_IRQHandler
    startup_stm32f407xx.o(RESET) refers to stm32f4xx_it.o(i.USART1_IRQHandler) for USART1_IRQHandler
    startup_stm32f407xx.o(RESET) refers to stm32f4xx_it.o(i.ETH_IRQHandler) for ETH_IRQHandler
    startup_stm32f407xx.o(.text) refers to system_stm32f4xx.o(i.SystemInit) for SystemInit
    startup_stm32f407xx.o(.text) refers to entry.o(.ARM.Collect$$$$00000000) for __main
    motor.o(i.motor_start) refers to stm32f4xx_hal_tim.o(i.HAL_TIM_PWM_Start) for HAL_TIM_PWM_Start
    motor.o(i.motor_start) refers to tim.o(.bss) for htim2
    motor.o(i.motor_stop) refers to stm32f4xx_hal_tim.o(i.HAL_TIM_PWM_Stop) for HAL_TIM_PWM_Stop
    motor.o(i.motor_stop) refers to tim.o(.bss) for htim2
    pid.o(i.PID_control) refers to pid.o(i.PID_Core) for PID_Core
    pid.o(i.PID_control) refers to f2d.o(.text) for __aeabi_f2d
    pid.o(i.PID_control) refers to dmul.o(.text) for __aeabi_dmul
    pid.o(i.PID_control) refers to dfixi.o(.text) for __aeabi_d2iz
    pid.o(i.PID_control) refers to pid.o(.data) for .data
    pid.o(i.PID_control) refers to freertos.o(.bss) for pid
    pid.o(i.PID_control) refers to tim.o(.bss) for htim2
    pid_protocol.o(i.protocol_data_recv) refers to memmovea.o(.text) for __aeabi_memcpy
    pid_protocol.o(i.protocol_data_recv) refers to pid_protocol.o(.bss) for .bss
    pid_protocol.o(i.protocol_frame_parse) refers to pid_protocol.o(i.recvbuf_get_len_to_parse) for recvbuf_get_len_to_parse
    pid_protocol.o(i.protocol_frame_parse) refers to pid_protocol.o(i.check_sum) for check_sum
    pid_protocol.o(i.protocol_frame_parse) refers to memmovea.o(.text) for __aeabi_memcpy
    pid_protocol.o(i.protocol_frame_parse) refers to pid_protocol.o(.bss) for .bss
    pid_protocol.o(i.protocol_init) refers to pid_protocol.o(.bss) for .bss
    pid_protocol.o(i.receiving_process) refers to pid_protocol.o(i.protocol_frame_parse) for protocol_frame_parse
    pid_protocol.o(i.receiving_process) refers to pid.o(i.PID_set_pid) for PID_set_pid
    pid_protocol.o(i.receiving_process) refers to pid.o(i.PID_set_target) for PID_set_target
    pid_protocol.o(i.receiving_process) refers to pid.o(i.PID_get_pid) for PID_get_pid
    pid_protocol.o(i.receiving_process) refers to pid_protocol.o(i.set_computer_value) for set_computer_value
    pid_protocol.o(i.receiving_process) refers to motor.o(i.motor_start) for motor_start
    pid_protocol.o(i.receiving_process) refers to motor.o(i.motor_stop) for motor_stop
    pid_protocol.o(i.receiving_process) refers to stm32f4xx_hal_cortex.o(i.HAL_NVIC_SystemReset) for HAL_NVIC_SystemReset
    pid_protocol.o(i.receiving_process) refers to freertos.o(.bss) for pid
    pid_protocol.o(i.receiving_process) refers to tim.o(.bss) for htim3
    pid_protocol.o(i.set_computer_value) refers to pid_protocol.o(i.check_sum) for check_sum
    pid_protocol.o(i.set_computer_value) refers to stm32f4xx_hal_uart.o(i.HAL_UART_Transmit) for HAL_UART_Transmit
    pid_protocol.o(i.set_computer_value) refers to pid_protocol.o(.bss) for .bss
    pid_protocol.o(i.set_computer_value) refers to usart.o(.bss) for huart1
    main.o(i.SystemClock_Config) refers to memseta.o(.text) for __aeabi_memclr4
    main.o(i.SystemClock_Config) refers to stm32f4xx_hal_rcc.o(i.HAL_RCC_OscConfig) for HAL_RCC_OscConfig
    main.o(i.SystemClock_Config) refers to stm32f4xx_hal_rcc.o(i.HAL_RCC_ClockConfig) for HAL_RCC_ClockConfig
    main.o(i.main) refers to stm32f4xx_hal.o(i.HAL_Init) for HAL_Init
    main.o(i.main) refers to main.o(i.SystemClock_Config) for SystemClock_Config
    main.o(i.main) refers to gpio.o(i.MX_GPIO_Init) for MX_GPIO_Init
    main.o(i.main) refers to usart.o(i.MX_USART1_UART_Init) for MX_USART1_UART_Init
[...]
    memp_TCP_SEG                             0x08017374   Data          12  memp.o(.constdata)
    memp_REASSDATA                           0x08017380   Data          12  memp.o(.constdata)
    memp_FRAG_PBUF                           0x0801738c   Data          12  memp.o(.constdata)
    memp_NETBUF                              0x08017398   Data          12  memp.o(.constdata)
    memp_NETCONN                             0x080173a4   Data          12  memp.o(.constdata)
    memp_TCPIP_MSG_API                       0x080173b0   Data          12  memp.o(.constdata)
    memp_TCPIP_MSG_INPKT                     0x080173bc   Data          12  memp.o(.constdata)
    memp_SYS_TIMEOUT                         0x080173c8   Data          12  memp.o(.constdata)
    memp_NETDB                               0x080173d4   Data          12  memp.o(.constdata)
    memp_PBUF                                0x080173e0   Data          12  memp.o(.constdata)
    memp_PBUF_POOL                           0x080173ec   Data          12  memp.o(.constdata)
    memp_pools                               0x080173f8   Data          56  memp.o(.constdata)
    tcp_pcb_lists                            0x08017474   Data          16  tcp.o(.constdata)
    lwip_cyclic_timers                       0x08017484   Data          32  timeouts.o(.constdata)
    ip_addr_any                              0x080174a4   Data           4  ip4_addr.o(.constdata)
    os_mutex_def_lwip_sys_mutex              0x080174a8   Data           8  sys_arch.o(.constdata)
    __ctype_table                            0x080174c0   Data         129  ctype_o.o(.constdata)
    Region$$Table$$Base                      0x080177a8   Number         0  anon$$obj.o(Region$$Table)
    Region$$Table$$Limit                     0x080177c8   Number         0  anon$$obj.o(Region$$Table)
    ClientId                                 0x20000010   Data           4  freertos.o(.data)
    ClientUser                               0x20000014   Data           4  freertos.o(.data)
    ClientPass                               0x20000018   Data           4  freertos.o(.data)
    defaultTaskHandle                        0x2000001c   Data           4  freertos.o(.data)
    PublishTopic                             0x20000020   Data           6  freertos.o(.data)
    payload                                  0x20000026   Data          23  freertos.o(.data)
    Netif_LinkSemaphore                      0x20000040   Data           4  lwip.o(.data)
    ipaddr                                   0x20000044   Data           4  lwip.o(.data)
    netmask                                  0x20000048   Data           4  lwip.o(.data)
    gw                                       0x2000004c   Data           4  lwip.o(.data)
    IP_ADDRESS                               0x20000050   Data           4  lwip.o(.data)
    NETMASK_ADDRESS                          0x20000054   Data           4  lwip.o(.data)
    GATEWAY_ADDRESS                          0x20000058   Data           4  lwip.o(.data)
    link_arg                                 0x2000005c   Data           8  lwip.o(.data)
    s_xSemaphore                             0x20000064   Data           4  ethernetif.o(.data)
    dir                                      0x20000068   Data           1  tim.o(.data)
    times                                    0x20000069   Data           1  tim.o(.data)
    cnt                                      0x2000006a   Data           2  tim.o(.data)
    speed                                    0x2000006c   Data           4  tim.o(.data)
    RecvFlag                                 0x20000070   Data           1  usart.o(.data)
    uwTickFreq                               0x20000074   Data           1  stm32f4xx_hal.o(.data)
    uwTickPrio                               0x20000078   Data           4  stm32f4xx_hal.o(.data)
    uwTick                                   0x2000007c   Data           4  stm32f4xx_hal.o(.data)
    SystemCoreClock                          0x20000080   Data           4  system_stm32f4xx.o(.data)
    pxCurrentTCB                             0x20000084   Data           4  tasks.o(.data)
    lock_tcpip_core                          0x200000f8   Data           4  tcpip.o(.data)
    netif_list                               0x20000154   Data           4  netif.o(.data)
    netif_default                            0x20000158   Data           4  netif.o(.data)
    pbuf_free_ooseq_pending                  0x2000015c   Data           1  pbuf.o(.data)
    tcp_active_pcbs_changed                  0x20000160   Data           1  tcp.o(.data)
    tcp_ticks                                0x2000016c   Data           4  tcp.o(.data)
    tcp_bound_pcbs                           0x20000170   Data           4  tcp.o(.data)
    tcp_listen_pcbs                          0x20000174   Data           4  tcp.o(.data)
    tcp_active_pcbs                          0x20000178   Data           4  tcp.o(.data)
    tcp_tw_pcbs                              0x2000017c   Data           4  tcp.o(.data)
    tcp_input_pcb                            0x200001a0   Data           4  tcp_in.o(.data)
    udp_pcbs                                 0x200001b4   Data           4  udp.o(.data)
    lwip_sys_mutex                           0x200001c4   Data           4  sys_arch.o(.data)
    __stdout                                 0x200001cc   Data           4  stdout.o(.data)
    pid                                      0x200004c0   Data          32  freertos.o(.bss)
    gnetif                                   0x200004e0   Data          52  lwip.o(.bss)
    DMARxDscrTab                             0x20000514   Data         128  ethernetif.o(.bss)
    DMATxDscrTab                             0x20000594   Data         128  ethernetif.o(.bss)
    Rx_Buff                                  0x20000614   Data        6096  ethernetif.o(.bss)
    Tx_Buff                                  0x20001de4   Data        6096  ethernetif.o(.bss)
    heth                                     0x200035b4   Data          72  ethernetif.o(.bss)
    htim1                                    0x200035fc   Data          72  tim.o(.bss)
    htim2                                    0x20003644   Data          72  tim.o(.bss)
    htim3                                    0x2000368c   Data          72  tim.o(.bss)
    RecvBuffer                               0x200036d4   Data          30  usart.o(.bss)
    huart1                                   0x200036f4   Data          68  usart.o(.bss)
    xQueueRegistry                           0x20003738   Data          64  queue.o(.bss)
    ip_data                                  0x200078e8   Data          24  ip.o(.bss)
    ram_heap                                 0x20007900   Data        1619  mem.o(.bss)
    memp_memory_UDP_PCB_base                 0x20007f53   Data         131  memp.o(.bss)
    memp_memory_TCP_PCB_base                 0x20007fd6   Data         783  memp.o(.bss)
    memp_memory_TCP_PCB_LISTEN_base          0x200082e5   Data         227  memp.o(.bss)
    memp_memory_TCP_SEG_base                 0x200083c8   Data         259  memp.o(.bss)
    memp_memory_REASSDATA_base               0x200084cb   Data         163  memp.o(.bss)
    memp_memory_FRAG_PBUF_base               0x2000856e   Data         363  memp.o(.bss)
    memp_memory_NETBUF_base                  0x200086d9   Data          35  memp.o(.bss)
    memp_memory_NETCONN_base                 0x200086fc   Data         163  memp.o(.bss)
    memp_memory_TCPIP_MSG_API_base           0x2000879f   Data         131  memp.o(.bss)
    memp_memory_TCPIP_MSG_INPKT_base         0x20008822   Data         131  memp.o(.bss)
    memp_memory_SYS_TIMEOUT_base             0x200088a5   Data          67  memp.o(.bss)
    memp_memory_NETDB_base                   0x200088e8   Data         311  memp.o(.bss)
    memp_memory_PBUF_base                    0x20008a1f   Data         259  memp.o(.bss)
    memp_memory_PBUF_POOL_base               0x20008b22   Data        9731  memp.o(.bss)
    __initial_sp                             0x2000b638   Data           0  startup_stm32f407xx.o(STACK)



==============================================================================

Memory Map of the image

  Image Entry point : 0x08000189

  Load Region LR_IROM1 (Base: 0x08000000, Size: 0x0001799c, Max: 0x00080000, ABSOLUTE, COMPRESSED[0x00017808])

    Execution Region ER_IROM1 (Exec base: 0x08000000, Load base: 0x08000000, Size: 0x000177c8, Max: 0x00080000, ABSOLUTE)

    Exec Addr    Load Addr    Size         Type   Attr      Idx    E Section Name        Object

    0x08000000   0x08000000   0x00000188   Data   RO            3    RESET               startup_stm32f407xx.o
    0x08000188   0x08000188   0x00000000   Code   RO        10041  * .ARM.Collect$$$$00000000  mc_w.l(entry.o)
    0x08000188   0x08000188   0x00000004   Code   RO        10382    .ARM.Collect$$$$00000001  mc_w.l(entry2.o)
    0x0800018c   0x0800018c   0x00000004   Code   RO        10385    .ARM.Collect$$$$00000004  mc_w.l(entry5.o)
    0x08000190   0x08000190   0x00000000   Code   RO        10387    .ARM.Collect$$$$00000008  mc_w.l(entry7b.o)
    0x08000190   0x08000190   0x00000000   Code   RO        10389    .ARM.Collect$$$$0000000A  mc_w.l(entry8b.o)
    0x08000190   0x08000190   0x00000008   Code   RO        10390    .ARM.Collect$$$$0000000B  mc_w.l(entry9a.o)
    0x08000198   0x08000198   0x00000004   Code   RO        10397    .ARM.Collect$$$$0000000E  mc_w.l(entry12b.o)
    0x0800019c   0x0800019c   0x00000000   Code   RO        10392    .ARM.Collect$$$$0000000F  mc_w.l(entry10a.o)
    0x0800019c   0x0800019c   0x00000000   Code   RO        10394    .ARM.Collect$$$$00000011  mc_w.l(entry11a.o)
    0x0800019c   0x0800019c   0x00000004   Code   RO        10383    .ARM.Collect$$$$00002712  mc_w.l(entry2.o)
    0x080001a0   0x080001a0   0x000000be   Code   RO         5221    .emb_text           port.o
    0x0800025e   0x0800025e   0x00000002   PAD
    0x08000260   0x08000260   0x00000024   Code   RO            4    .text               startup_stm32f407xx.o
    0x08000284   0x08000284   0x00000062   Code   RO        10044    .text               mc_w.l(uldiv.o)
    0x080002e6   0x080002e6   0x00000002   PAD
    0x080002e8   0x080002e8   0x00000008   Code   RO        10046    .text               mc_w.l(ctype_o.o)
    0x080002f0   0x080002f0   0x00000012   Code   RO        10068    .text               mc_w.l(isspace_o.o)
    0x08000302   0x08000302   0x0000000c   Code   RO        10074    .text               mc_w.l(tolower.o)
    0x0800030e   0x0800030e   0x00000002   PAD
    0x08000310   0x08000310   0x00000024   Code   RO        10076    .text               mc_w.l(rand.o)
    0x08000334   0x08000334   0x00000040   Code   RO        10081    .text               mc_w.l(memmovea.o)
    0x08000374   0x08000374   0x00000024   Code   RO        10085    .text               mc_w.l(memseta.o)
    0x08000398   0x08000398   0x00000024   Code   RO        10087    .text               mc_w.l(strstr.o)
    0x080003bc   0x080003bc   0x0000000e   Code   RO        10091    .text               mc_w.l(strlen.o)
    0x080003ca   0x080003ca   0x0000001c   Code   RO        10093    .text               mc_w.l(strcmp.o)
    0x080003e6   0x080003e6   0x0000001a   Code   RO        10095    .text               mc_w.l(memcmp.o)
    0x08000400   0x08000400   0x00000038   Code   RO        10364    .text               mc_w.l(__0sscanf.o)
    0x08000438   0x08000438   0x0000014c   Code   RO        10366    .text               mc_w.l(_scanf_int.o)
    0x08000584   0x08000584   0x0000001a   Code   RO        10368    .text               mc_w.l(atoi.o)
    0x0800059e   0x0800059e   0x000000e4   Code   RO        10370    .text               mf_w.l(dmul.o)
    0x08000682   0x08000682   0x000000de   Code   RO        10372    .text               mf_w.l(ddiv.o)
    0x08000760   0x08000760   0x0000001a   Code   RO        10374    .text               mf_w.l(dfltui.o)
    0x0800077a   0x0800077a   0x0000003e   Code   RO        10376    .text               mf_w.l(dfixi.o)
    0x080007b8   0x080007b8   0x00000026   Code   RO        10378    .text               mf_w.l(f2d.o)
    0x080007de   0x080007de   0x00000038   Code   RO        10380    .text               mf_w.l(d2f.o)
    0x08000816   0x08000816   0x0000002c   Code   RO        10399    .text               mc_w.l(uidiv.o)
    0x08000842   0x08000842   0x0000001e   Code   RO        10401    .text               mc_w.l(llshl.o)
    0x08000860   0x08000860   0x00000020   Code   RO        10403    .text               mc_w.l(llushr.o)
    0x08000880   0x08000880   0x0000001c   Code   RO        10412    .text               mc_w.l(_chval.o)
    0x0800089c   0x0800089c   0x00000028   Code   RO        10414    .text               mc_w.l(scanf_char.o)
    0x080008c4   0x080008c4   0x00000040   Code   RO        10416    .text               mc_w.l(_sgetc.o)
    0x08000904   0x08000904   0x00000070   Code   RO        10418    .text               mc_w.l(strtol.o)
    0x08000974   0x08000974   0x00000000   Code   RO        10420    .text               mc_w.l(iusefp.o)
    0x08000974   0x08000974   0x0000006e   Code   RO        10421    .text               mf_w.l(fepilogue.o)
    0x080009e2   0x080009e2   0x000000ba   Code   RO        10423    .text               mf_w.l(depilogue.o)
    0x08000a9c   0x08000a9c   0x0000014e   Code   RO        10425    .text               mf_w.l(dadd.o)
    0x08000bea   0x08000bea   0x00000030   Code   RO        10427    .text               mf_w.l(dfixul.o)
    0x08000c1a   0x08000c1a   0x00000002   PAD
    0x08000c1c   0x08000c1c   0x00000030   Code   RO        10429    .text               mf_w.l(cdrcmple.o)
    0x08000c4c   0x08000c4c   0x00000024   Code   RO        10431    .text               mc_w.l(init.o)
    0x08000c70   0x08000c70   0x00000024   Code   RO        10433    .text               mc_w.l(llsshr.o)
    0x08000c94   0x08000c94   0x00000330   Code   RO        10437    .text               mc_w.l(_scanf.o)
    0x08000fc4   0x08000fc4   0x0000009e   Code   RO        10439    .text               mc_w.l(_strtoul.o)
    0x08001062   0x08001062   0x0000003a   Code   RO        10452    .text               mc_w.l(__dczerorl.o)
    0x0800109c   0x0800109c   0x00000002   Code   RO         1241    i.BusFault_Handler  stm32f4xx_it.o
    0x0800109e   0x0800109e   0x00000002   Code   RO          616    i.Cb                freertos.o
    0x080010a0   0x080010a0   0x00000002   Code   RO         1242    i.DebugMon_Handler  stm32f4xx_it.o
    0x080010a2   0x080010a2   0x00000002   PAD
    0x080010a4   0x080010a4   0x00000020   Code   RO         1347    i.ETH_Delay         stm32f4xx_hal_eth.o
    0x080010c4   0x080010c4   0x0000002e   Code   RO         1348    i.ETH_FlushTransmitFIFO  stm32f4xx_hal_eth.o
    0x080010f2   0x080010f2   0x00000002   PAD
    0x080010f4   0x080010f4   0x0000000c   Code   RO         1243    i.ETH_IRQHandler    stm32f4xx_it.o
    0x08001100   0x08001100   0x0000012c   Code   RO         1349    i.ETH_MACDMAConfig  stm32f4xx_hal_eth.o
    0x0800122c   0x0800122c   0x00000004   Code   RO          294    i.Error_Handler     main.o
    0x08001230   0x08001230   0x00000092   Code   RO         1962    i.HAL_DMA_Abort     stm32f4xx_hal_dma.o
    0x080012c2   0x080012c2   0x00000024   Code   RO         1963    i.HAL_DMA_Abort_IT  stm32f4xx_hal_dma.o
    0x080012e6   0x080012e6   0x00000002   PAD
    0x080012e8   0x080012e8   0x00000024   Code   RO         2381    i.HAL_Delay         stm32f4xx_hal.o
    0x0800130c   0x0800130c   0x00000130   Code   RO         1351    i.HAL_ETH_ConfigMAC  stm32f4xx_hal_eth.o
    0x0800143c   0x0800143c   0x00000074   Code   RO         1352    i.HAL_ETH_DMARxDescListInit  stm32f4xx_hal_eth.o
    0x080014b0   0x080014b0   0x00000078   Code   RO         1353    i.HAL_ETH_DMATxDescListInit  stm32f4xx_hal_eth.o
    0x08001528   0x08001528   0x00000002   Code   RO         1355    i.HAL_ETH_ErrorCallback  stm32f4xx_hal_eth.o
    0x0800152a   0x0800152a   0x00000088   Code   RO         1357    i.HAL_ETH_GetReceivedFrame_IT  stm32f4xx_hal_eth.o
    0x080015b2   0x080015b2   0x0000007a   Code   RO         1359    i.HAL_ETH_IRQHandler  stm32f4xx_hal_eth.o
    0x0800162c   0x0800162c   0x000001ec   Code   RO         1360    i.HAL_ETH_Init      stm32f4xx_hal_eth.o
    0x08001818   0x08001818   0x000000e8   Code   RO          852    i.HAL_ETH_MspInit   ethernetif.o
    0x08001900   0x08001900   0x00000084   Code   RO         1363    i.HAL_ETH_ReadPHYRegister  stm32f4xx_hal_eth.o
    0x08001984   0x08001984   0x0000000c   Code   RO          853    i.HAL_ETH_RxCpltCallback  ethernetif.o
    0x08001990   0x08001990   0x00000084   Code   RO         1365    i.HAL_ETH_Start     stm32f4xx_hal_eth.o
    0x08001a14   0x08001a14   0x00000084   Code   RO         1366    i.HAL_ETH_Stop      stm32f4xx_hal_eth.o
    0x08001a98   0x08001a98   0x00000108   Code   RO         1367    i.HAL_ETH_TransmitFrame  stm32f4xx_hal_eth.o
    0x08001ba0   0x08001ba0   0x00000002   Code   RO         1368    i.HAL_ETH_TxCpltCallback  stm32f4xx_hal_eth.o
    0x08001ba2   0x08001ba2   0x00000002   PAD
    0x08001ba4   0x08001ba4   0x00000078   Code   RO         1369    i.HAL_ETH_WritePHYRegister  stm32f4xx_hal_eth.o
    0x08001c1c   0x08001c1c   0x000001f0   Code   RO         1855    i.HAL_GPIO_Init     stm32f4xx_hal_gpio.o
    0x08001e0c   0x08001e0c   0x0000000a   Code   RO         1859    i.HAL_GPIO_WritePin  stm32f4xx_hal_gpio.o
    0x08001e16   0x08001e16   0x00000002   PAD
    0x08001e18   0x08001e18   0x0000000c   Code   RO         2387    i.HAL_GetTick       stm32f4xx_hal.o
    0x08001e24   0x08001e24   0x00000010   Code   RO         2393    i.HAL_IncTick       stm32f4xx_hal.o
    0x08001e34   0x08001e34   0x00000034   Code   RO         2394    i.HAL_Init          stm32f4xx_hal.o
    0x08001e68   0x08001e68   0x00000040   Code   RO         2395    i.HAL_InitTick      stm32f4xx_hal.o
    0x08001ea8   0x08001ea8   0x00000038   Code   RO         1323    i.HAL_MspInit       stm32f4xx_hal_msp.o
    0x08001ee0   0x08001ee0   0x0000001a   Code   RO         2244    i.HAL_NVIC_EnableIRQ  stm32f4xx_hal_cortex.o
    0x08001efa   0x08001efa   0x00000002   PAD
    0x08001efc   0x08001efc   0x00000040   Code   RO         2250    i.HAL_NVIC_SetPriority  stm32f4xx_hal_cortex.o
    0x08001f3c   0x08001f3c   0x00000024   Code   RO         2251    i.HAL_NVIC_SetPriorityGrouping  stm32f4xx_hal_cortex.o
    0x08001f60   0x08001f60   0x00000134   Code   RO         1501    i.HAL_RCC_ClockConfig  stm32f4xx_hal_rcc.o
    0x08002094   0x08002094   0x0000000c   Code   RO         1506    i.HAL_RCC_GetHCLKFreq  stm32f4xx_hal_rcc.o
    0x080020a0   0x080020a0   0x00000020   Code   RO         1508    i.HAL_RCC_GetPCLK1Freq  stm32f4xx_hal_rcc.o
    0x080020c0   0x080020c0   0x00000020   Code   RO         1509    i.HAL_RCC_GetPCLK2Freq  stm32f4xx_hal_rcc.o
    0x080020e0   0x080020e0   0x00000064   Code   RO         1510    i.HAL_RCC_GetSysClockFreq  stm32f4xx_hal_rcc.o
    0x08002144   0x08002144   0x0000036c   Code   RO         1513    i.HAL_RCC_OscConfig  stm32f4xx_hal_rcc.o
    0x080024b0   0x080024b0   0x00000028   Code   RO         2255    i.HAL_SYSTICK_Config  stm32f4xx_hal_cortex.o
    0x080024d8   0x080024d8   0x00000002   Code   RO         3338    i.HAL_TIMEx_BreakCallback  stm32f4xx_hal_tim_ex.o
    0x080024da   0x080024da   0x00000002   Code   RO         3339    i.HAL_TIMEx_CommutCallback  stm32f4xx_hal_tim_ex.o
    0x080024dc   0x080024dc   0x00000090   Code   RO         3357    i.HAL_TIMEx_MasterConfigSynchronization  stm32f4xx_hal_tim_ex.o
    0x0800256c   0x0800256c   0x0000005a   Code   RO         2634    i.HAL_TIM_Base_Init  stm32f4xx_hal_tim.o
    0x080025c6   0x080025c6   0x00000002   PAD
    0x080025c8   0x080025c8   0x00000050   Code   RO         1098    i.HAL_TIM_Base_MspInit  tim.o
    0x08002618   0x08002618   0x000000dc   Code   RO         2643    i.HAL_TIM_ConfigClockSource  stm32f4xx_hal_tim.o
    0x080026f4   0x080026f4   0x000000a4   Code   RO         2655    i.HAL_TIM_Encoder_Init  stm32f4xx_hal_tim.o
    0x08002798   0x08002798   0x00000068   Code   RO         1100    i.HAL_TIM_Encoder_MspInit  tim.o
    0x08002800   0x08002800   0x00000002   Code   RO         2668    i.HAL_TIM_IC_CaptureCallback  stm32f4xx_hal_tim.o
    0x08002802   0x08002802   0x00000166   Code   RO         2682    i.HAL_TIM_IRQHandler  stm32f4xx_hal_tim.o
    0x08002968   0x08002968   0x0000004c   Code   RO         1101    i.HAL_TIM_MspPostInit  tim.o
    0x080029b4   0x080029b4   0x00000002   Code   RO         2685    i.HAL_TIM_OC_DelayElapsedCallback  stm32f4xx_hal_tim.o
    0x080029b6   0x080029b6   0x000000cc   Code   RO         2706    i.HAL_TIM_PWM_ConfigChannel  stm32f4xx_hal_tim.o
    0x08002a82   0x08002a82   0x0000005a   Code   RO         2709    i.HAL_TIM_PWM_Init  stm32f4xx_hal_tim.o
    0x08002adc   0x08002adc   0x00000002   Code   RO         2711    i.HAL_TIM_PWM_MspInit  stm32f4xx_hal_tim.o
    0x08002ade   0x08002ade   0x00000002   Code   RO         2712    i.HAL_TIM_PWM_PulseFinishedCallback  stm32f4xx_hal_tim.o
    0x08002ae0   0x08002ae0   0x000000c8   Code   RO         2714    i.HAL_TIM_PWM_Start  stm32f4xx_hal_tim.o
    0x08002ba8   0x08002ba8   0x0000007c   Code   RO         2717    i.HAL_TIM_PWM_Stop  stm32f4xx_hal_tim.o
    0x08002c24   0x08002c24   0x000000e4   Code   RO         1102    i.HAL_TIM_PeriodElapsedCallback  tim.o
    0x08002d08   0x08002d08   0x00000002   Code   RO         2725    i.HAL_TIM_TriggerCallback  stm32f4xx_hal_tim.o
    0x08002d0a   0x08002d0a   0x00000056   Code   RO         3615    i.HAL_UARTEx_ReceiveToIdle_IT  stm32f4xx_hal_uart.o
    0x08002d60   0x08002d60   0x00000028   Code   RO         1180    i.HAL_UARTEx_RxEventCallback  usart.o
    0x08002d88   0x08002d88   0x00000002   Code   RO         3630    i.HAL_UART_ErrorCallback  stm32f4xx_hal_uart.o
    0x08002d8a   0x08002d8a   0x00000002   PAD
    0x08002d8c   0x08002d8c   0x00000268   Code   RO         3633    i.HAL_UART_IRQHandler  stm32f4xx_hal_uart.o
    0x08002ff4   0x08002ff4   0x00000062   Code   RO         3634    i.HAL_UART_Init     stm32f4xx_hal_uart.o
    0x08003056   0x08003056   0x00000002   PAD
    0x08003058   0x08003058   0x0000007c   Code   RO         1182    i.HAL_UART_MspInit  usart.o
    0x080030d4   0x080030d4   0x00000002   Code   RO         3640    i.HAL_UART_RxCpltCallback  stm32f4xx_hal_uart.o
    0x080030d6   0x080030d6   0x00000002   PAD
    0x080030d8   0x080030d8   0x000000b2   Code   RO         3642    i.HAL_UART_Transmit  stm32f4xx_hal_uart.o
    0x0800318a   0x0800318a   0x00000002   Code   RO         3645    i.HAL_UART_TxCpltCallback  stm32f4xx_hal_uart.o
    0x0800318c   0x0800318c   0x00000002   Code   RO         1244    i.HardFault_Handler  stm32f4xx_it.o
    0x0800318e   0x0800318e   0x00000002   PAD
    0x08003190   0x08003190   0x00000028   Code   RO          617    i.MX_FREERTOS_Init  freertos.o
    0x080031b8   0x080031b8   0x0000008c   Code   RO          496    i.MX_GPIO_Init      gpio.o
    0x08003244   0x08003244   0x00000170   Code   RO          784    i.MX_LWIP_Init      lwip.o
    0x080033b4   0x080033b4   0x0000006c   Code   RO         1103    i.MX_TIM1_Init      tim.o
    0x08003420   0x08003420   0x00000094   Code   RO         1104    i.MX_TIM2_Init      tim.o
    0x080034b4   0x080034b4   0x00000068   Code   RO         1105    i.MX_TIM3_Init      tim.o
    0x0800351c   0x0800351c   0x00000040   Code   RO         1183    i.MX_USART1_UART_Init  usart.o
    0x0800355c   0x0800355c   0x00000002   Code   RO         1245    i.MemManage_Handler  stm32f4xx_it.o
    0x0800355e   0x0800355e   0x00000002   PAD
    0x08003560   0x08003560   0x00000188   Code   RO          618    i.MqttTestTask      freertos.o
    0x080036e8   0x080036e8   0x00000002   Code   RO         1246    i.NMI_Handler       stm32f4xx_it.o
    0x080036ea   0x080036ea   0x00000042   Code   RO          150    i.PID_Core          pid.o
    0x0800372c   0x0800372c   0x00000088   Code   RO          151    i.PID_control       pid.o
    0x080037b4   0x080037b4   0x00000006   Code   RO          154    i.PID_set_actual    pid.o
    0x080037ba   0x080037ba   0x0000000e   Code   RO          156    i.PID_set_target    pid.o
    0x080037c8   0x080037c8   0x00000060   Code   RO          619    i.StartDefaultTask  freertos.o
    0x08003828   0x08003828   0x00000018   Code   RO         1247    i.SysTick_Handler   stm32f4xx_it.o
    0x08003840   0x08003840   0x00000090   Code   RO          295    i.SystemClock_Config  main.o
    0x080038d0   0x080038d0   0x00000010   Code   RO         3963    i.SystemInit        system_stm32f4xx.o
    0x080038e0   0x080038e0   0x0000000c   Code   RO         1248    i.TIM3_IRQHandler   stm32f4xx_it.o
    0x080038ec   0x080038ec   0x000000c8   Code   RO         2727    i.TIM_Base_SetConfig  stm32f4xx_hal_tim.o
    0x080039b4   0x080039b4   0x0000001a   Code   RO         2728    i.TIM_CCxChannelCmd  stm32f4xx_hal_tim.o
    0x080039ce   0x080039ce   0x00000014   Code   RO         2738    i.TIM_ETR_SetConfig  stm32f4xx_hal_tim.o
    0x080039e2   0x080039e2   0x00000010   Code   RO         2739    i.TIM_ITRx_SetConfig  stm32f4xx_hal_tim.o
    0x080039f2   0x080039f2   0x00000002   PAD
    0x080039f4   0x080039f4   0x00000060   Code   RO         2740    i.TIM_OC1_SetConfig  stm32f4xx_hal_tim.o
    0x08003a54   0x08003a54   0x0000006c   Code   RO         2741    i.TIM_OC2_SetConfig  stm32f4xx_hal_tim.o
    0x08003ac0   0x08003ac0   0x00000068   Code   RO         2742    i.TIM_OC3_SetConfig  stm32f4xx_hal_tim.o
    0x08003b28   0x08003b28   0x00000050   Code   RO         2743    i.TIM_OC4_SetConfig  stm32f4xx_hal_tim.o
    0x08003b78   0x08003b78   0x00000022   Code   RO         2745    i.TIM_TI1_ConfigInputStage  stm32f4xx_hal_tim.o
    0x08003b9a   0x08003b9a   0x00000024   Code   RO         2747    i.TIM_TI2_ConfigInputStage  stm32f4xx_hal_tim.o
    0x08003bbe   0x08003bbe   0x00000010   Code   RO         3647    i.UART_DMAAbortOnError  stm32f4xx_hal_uart.o
    0x08003bce   0x08003bce   0x0000004e   Code   RO         3657    i.UART_EndRxTransfer  stm32f4xx_hal_uart.o
    0x08003c1c   0x08003c1c   0x000000c0   Code   RO         3659    i.UART_Receive_IT   stm32f4xx_hal_uart.o
    0x08003cdc   0x08003cdc   0x0000010c   Code   RO         3660    i.UART_SetConfig    stm32f4xx_hal_uart.o
    0x08003de8   0x08003de8   0x00000036   Code   RO         3662    i.UART_Start_Receive_IT  stm32f4xx_hal_uart.o
    0x08003e1e   0x08003e1e   0x00000078   Code   RO         3663    i.UART_WaitOnFlagUntilTimeout  stm32f4xx_hal_uart.o
    0x08003e96   0x08003e96   0x00000002   PAD
    0x08003e98   0x08003e98   0x0000000c   Code   RO         1249    i.USART1_IRQHandler  stm32f4xx_it.o
    0x08003ea4   0x08003ea4   0x00000002   Code   RO         1250    i.UsageFault_Handler  stm32f4xx_it.o
    0x08003ea6   0x08003ea6   0x00000002   PAD
    0x08003ea8   0x08003ea8   0x00000020   Code   RO        10336    i.__0printf         mc_w.l(printfa.o)
    0x08003ec8   0x08003ec8   0x00000034   Code   RO        10337    i.__0snprintf       mc_w.l(printfa.o)
    0x08003efc   0x08003efc   0x00000020   Code   RO         2257    i.__NVIC_SetPriority  stm32f4xx_hal_cortex.o
    0x08003f1c   0x08003f1c   0x00000008   Code   RO        10405    i.__aeabi_errno_addr  mc_w.l(errno.o)
    0x08003f24   0x08003f24   0x0000000e   Code   RO        10446    i.__scatterload_copy  mc_w.l(handlers.o)
    0x08003f32   0x08003f32   0x00000002   Code   RO        10447    i.__scatterload_null  mc_w.l(handlers.o)
    0x08003f34   0x08003f34   0x0000000e   Code   RO        10448    i.__scatterload_zeroinit  mc_w.l(handlers.o)
    0x08003f42   0x08003f42   0x00000002   PAD
    0x08003f44   0x08003f44   0x00000184   Code   RO        10343    i._fp_digits        mc_w.l(printfa.o)
    0x080040c8   0x080040c8   0x000006b4   Code   RO        10344    i._printf_core      mc_w.l(printfa.o)
    0x0800477c   0x0800477c   0x00000024   Code   RO        10345    i._printf_post_padding  mc_w.l(printfa.o)
    0x080047a0   0x080047a0   0x0000002e   Code   RO        10346    i._printf_pre_padding  mc_w.l(printfa.o)
    0x080047ce   0x080047ce   0x00000016   Code   RO        10347    i._snputc           mc_w.l(printfa.o)
    0x080047e4   0x080047e4   0x00000178   Code   RO         6295    i.accept_function   api_msg.o
    0x0800495c   0x0800495c   0x00000030   Code   RO          620    i.cb                freertos.o
    0x0800498c   0x0800498c   0x00000014   Code   RO          219    i.check_sum         pid_protocol.o
    0x080049a0   0x080049a0   0x000000a8   Code   RO         7311    i.dns_alloc_pcb     dns.o
    0x08004a48   0x08004a48   0x00000024   Code   RO         7312    i.dns_backupserver_available  dns.o
    0x08004a6c   0x08004a6c   0x00000098   Code   RO         7313    i.dns_call_found    dns.o
    0x08004b04   0x08004b04   0x00000168   Code   RO         7314    i.dns_check_entry   dns.o
    0x08004c6c   0x08004c6c   0x00000086   Code   RO         7315    i.dns_compare_name  dns.o
    0x08004cf2   0x08004cf2   0x00000002   PAD
    0x08004cf4   0x08004cf4   0x00000134   Code   RO         7316    i.dns_enqueue       dns.o
    0x08004e28   0x08004e28   0x00000094   Code   RO         7318    i.dns_gethostbyname_addrtype  dns.o
    0x08004ebc   0x08004ebc   0x00000002   Code   RO         7320    i.dns_init          dns.o
    0x08004ebe   0x08004ebe   0x00000002   PAD
    0x08004ec0   0x08004ec0   0x00000220   Code   RO         7321    i.dns_recv          dns.o
    0x080050e0   0x080050e0   0x000001a8   Code   RO         7322    i.dns_send          dns.o
    0x08005288   0x08005288   0x00000020   Code   RO         7323    i.dns_setserver     dns.o
    0x080052a8   0x080052a8   0x00000014   Code   RO         7324    i.dns_tmr           dns.o
    0x080052bc   0x080052bc   0x000000a8   Code   RO         7663    i.do_memp_free_pool  memp.o
    0x08005364   0x08005364   0x000000b8   Code   RO         7664    i.do_memp_malloc_pool  memp.o
    0x0800541c   0x0800541c   0x000001c8   Code   RO         6296    i.err_tcp           api_msg.o
    0x080055e4   0x080055e4   0x0000002c   Code   RO         9096    i.etharp_cleanup_netif  etharp.o
    0x08005610   0x08005610   0x00000260   Code   RO         9098    i.etharp_find_entry  etharp.o
    0x08005870   0x08005870   0x00000024   Code   RO         9099    i.etharp_free_entry  etharp.o
    0x08005894   0x08005894   0x00000104   Code   RO         9101    i.etharp_input      etharp.o
    0x08005998   0x08005998   0x000001b0   Code   RO         9102    i.etharp_output     etharp.o
    0x08005b48   0x08005b48   0x00000110   Code   RO         9103    i.etharp_output_to_arp_index  etharp.o
    0x08005c58   0x08005c58   0x000001e8   Code   RO         9104    i.etharp_query      etharp.o
    0x08005e40   0x08005e40   0x00000174   Code   RO         9105    i.etharp_raw        etharp.o
    0x08005fb4   0x08005fb4   0x0000000c   Code   RO         9106    i.etharp_request    etharp.o
    0x08005fc0   0x08005fc0   0x00000020   Code   RO         9107    i.etharp_request_dst  etharp.o
    0x08005fe0   0x08005fe0   0x00000060   Code   RO         9108    i.etharp_tmr        etharp.o
    0x08006040   0x08006040   0x0000011c   Code   RO         9109    i.etharp_update_arp_entry  etharp.o
    0x0800615c   0x0800615c   0x000000a4   Code   RO         5833    i.ethernet_input    ethernet.o
    0x08006200   0x08006200   0x000000f8   Code   RO         5834    i.ethernet_output   ethernet.o
    0x080062f8   0x080062f8   0x00000088   Code   RO          854    i.ethernetif_init   ethernetif.o
    0x08006380   0x08006380   0x0000004c   Code   RO          855    i.ethernetif_input  ethernetif.o
    0x080063cc   0x080063cc   0x00000002   Code   RO          856    i.ethernetif_notify_conn_changed  ethernetif.o
    0x080063ce   0x080063ce   0x00000002   PAD
    0x080063d0   0x080063d0   0x00000044   Code   RO          857    i.ethernetif_set_link  ethernetif.o
    0x08006414   0x08006414   0x000000b0   Code   RO          858    i.ethernetif_update_config  ethernetif.o
    0x080064c4   0x080064c4   0x00000018   Code   RO         1185    i.fputc             usart.o
    0x080064dc   0x080064dc   0x0000005c   Code   RO          621    i.httpserver_send_html  freertos.o
    0x08006538   0x08006538   0x0000013c   Code   RO          622    i.httpserver_serve  freertos.o
    0x08006674   0x08006674   0x000000cc   Code   RO          623    i.httpserver_thread  freertos.o
    0x08006740   0x08006740   0x00000008   Code   RO         9202    i.icmp_dest_unreach  icmp.o
    0x08006748   0x08006748   0x000001e8   Code   RO         9203    i.icmp_input        icmp.o
    0x08006930   0x08006930   0x00000110   Code   RO         9204    i.icmp_send_response  icmp.o
    0x08006a40   0x08006a40   0x00000008   Code   RO         9205    i.icmp_time_exceeded  icmp.o
    0x08006a48   0x08006a48   0x0000000c   Code   RO         4785    i.inHandlerMode     cmsis_os.o
    0x08006a54   0x08006a54   0x0000002e   Code   RO         9319    i.ip4_addr_isbroadcast_u32  ip4_addr.o
    0x08006a82   0x08006a82   0x00000002   PAD
    0x08006a84   0x08006a84   0x00000260   Code   RO         9388    i.ip4_frag          ip4_frag.o
    0x08006ce4   0x08006ce4   0x00000174   Code   RO         9264    i.ip4_input         ip4.o
    0x08006e58   0x08006e58   0x0000002c   Code   RO         9265    i.ip4_input_accept  ip4.o
    0x08006e84   0x08006e84   0x0000001e   Code   RO         9267    i.ip4_output_if     ip4.o
    0x08006ea2   0x08006ea2   0x00000002   PAD
    0x08006ea4   0x08006ea4   0x00000178   Code   RO         9268    i.ip4_output_if_src  ip4.o
    0x0800701c   0x0800701c   0x00000288   Code   RO         9389    i.ip4_reass         ip4_frag.o
    0x080072a4   0x080072a4   0x00000060   Code   RO         9269    i.ip4_route         ip4.o
    0x08007304   0x08007304   0x0000018c   Code   RO         9321    i.ip4addr_aton      ip4_addr.o
    0x08007490   0x08007490   0x0000000c   Code   RO         9322    i.ip4addr_ntoa      ip4_addr.o
    0x0800749c   0x0800749c   0x00000078   Code   RO         9323    i.ip4addr_ntoa_r    ip4_addr.o
    0x08007514   0x08007514   0x00000090   Code   RO         9390    i.ip_frag_free_pbuf_custom_ref  ip4_frag.o
    0x080075a4   0x080075a4   0x00000248   Code   RO         9391    i.ip_reass_chain_frag_into_datagram_and_validate  ip4_frag.o
    0x080077ec   0x080077ec   0x000000bc   Code   RO         9392    i.ip_reass_dequeue_datagram  ip4_frag.o
    0x080078a8   0x080078a8   0x00000198   Code   RO         9393    i.ip_reass_free_complete_datagram  ip4_frag.o
    0x08007a40   0x08007a40   0x00000080   Code   RO         9394    i.ip_reass_remove_oldest_datagram  ip4_frag.o
    0x08007ac0   0x08007ac0   0x0000002c   Code   RO         9395    i.ip_reass_tmr      ip4_frag.o
    0x08007aec   0x08007aec   0x00000014   Code   RO         9324    i.ipaddr_addr       ip4_addr.o
    0x08007b00   0x08007b00   0x00000098   Code   RO         9396    i.ipfrag_free_pbuf_custom  ip4_frag.o
    0x08007b98   0x08007b98   0x00000128   Code   RO          859    i.low_level_init    ethernetif.o
    0x08007cc0   0x08007cc0   0x000000c0   Code   RO          860    i.low_level_input   ethernetif.o
    0x08007d80   0x08007d80   0x000000a8   Code   RO          861    i.low_level_output  ethernetif.o
    0x08007e28   0x08007e28   0x0000003c   Code   RO         8843    i.lwip_cyclic_timer  timeouts.o
    0x08007e64   0x08007e64   0x00000004   Code   RO         7257    i.lwip_htonl        def.o
    0x08007e68   0x08007e68   0x00000004   Code   RO         7258    i.lwip_htons        def.o
    0x08007e6c   0x08007e6c   0x00000026   Code   RO         7493    i.lwip_init         init.o
    0x08007e92   0x08007e92   0x00000036   Code   RO         6297    i.lwip_netconn_do_bind  api_msg.o
    0x08007ec8   0x08007ec8   0x00000138   Code   RO         6299    i.lwip_netconn_do_close  api_msg.o
    0x08008000   0x08008000   0x000002c0   Code   RO         6300    i.lwip_netconn_do_close_internal  api_msg.o
    0x080082c0   0x080082c0   0x00000198   Code   RO         6303    i.lwip_netconn_do_delconn  api_msg.o
    0x08008458   0x08008458   0x0000001a   Code   RO         6305    i.lwip_netconn_do_dns_found  api_msg.o
    0x08008472   0x08008472   0x00000002   PAD
    0x08008474   0x08008474   0x000000e0   Code   RO         6307    i.lwip_netconn_do_gethostbyname  api_msg.o
    0x08008554   0x08008554   0x000000bc   Code   RO         6308    i.lwip_netconn_do_listen  api_msg.o
    0x08008610   0x08008610   0x00000012   Code   RO         6309    i.lwip_netconn_do_newconn  api_msg.o
    0x08008622   0x08008622   0x00000042   Code   RO         6310    i.lwip_netconn_do_recv  api_msg.o
    0x08008664   0x08008664   0x0000014c   Code   RO         6312    i.lwip_netconn_do_write  api_msg.o
    0x080087b0   0x080087b0   0x00000384   Code   RO         6313    i.lwip_netconn_do_writemore  api_msg.o
    0x08008b34   0x08008b34   0x000000a8   Code   RO         6314    i.lwip_netconn_err_to_msg  api_msg.o
    0x08008bdc   0x08008bdc   0x000000ac   Code   RO         6315    i.lwip_netconn_is_err_msg  api_msg.o
    0x08008c88   0x08008c88   0x00000034   Code   RO         7261    i.lwip_strnicmp     def.o
    0x08008cbc   0x08008cbc   0x00000026   Code   RO          296    i.main              main.o
    0x08008ce2   0x08008ce2   0x0000000c   Code   RO         4787    i.makeFreeRtosPriority  cmsis_os.o
    0x08008cee   0x08008cee   0x00000022   Code   RO         7586    i.mem_calloc        mem.o
    0x08008d10   0x08008d10   0x000001c8   Code   RO         7587    i.mem_free          mem.o
    0x08008ed8   0x08008ed8   0x000000c8   Code   RO         7588    i.mem_init          mem.o
    0x08008fa0   0x08008fa0   0x0000024c   Code   RO         7589    i.mem_malloc        mem.o
    0x080091ec   0x080091ec   0x00000010   Code   RO         7590    i.mem_to_ptr        mem.o
    0x080091fc   0x080091fc   0x000001e4   Code   RO         7591    i.mem_trim          mem.o
    0x080093e0   0x080093e0   0x0000009c   Code   RO         7665    i.memp_free         memp.o
    0x0800947c   0x0800947c   0x00000020   Code   RO         7667    i.memp_init         memp.o
    0x0800949c   0x0800949c   0x0000002a   Code   RO         7668    i.memp_init_pool    memp.o
    0x080094c6   0x080094c6   0x00000002   PAD
    0x080094c8   0x080094c8   0x000000a4   Code   RO         7669    i.memp_malloc       memp.o
    0x0800956c   0x0800956c   0x00000048   Code   RO          624    i.midcb             freertos.o
    0x080095b4   0x080095b4   0x00000040   Code   RO          625    i.mipcb             freertos.o
    0x080095f4   0x080095f4   0x0000000c   Code   RO           13    i.motor_start       motor.o
    0x08009600   0x08009600   0x0000000c   Code   RO           14    i.motor_stop        motor.o
    0x0800960c   0x0800960c   0x00000110   Code   RO         9816    i.mqtt_append_request  mqtt.o
    0x0800971c   0x0800971c   0x00000054   Code   RO         9817    i.mqtt_clear_requests  mqtt.o
    0x08009770   0x08009770   0x00000568   Code   RO         9818    i.mqtt_client_connect  mqtt.o
    0x08009cd8   0x08009cd8   0x00000004   Code   RO         9819    i.mqtt_client_free  mqtt.o
    0x08009cdc   0x08009cdc   0x000000b0   Code   RO         9820    i.mqtt_client_is_connected  mqtt.o
    0x08009d8c   0x08009d8c   0x0000000a   Code   RO         9821    i.mqtt_client_new   mqtt.o
    0x08009d96   0x08009d96   0x00000002   PAD
    0x08009d98   0x08009d98   0x000000f0   Code   RO         9822    i.mqtt_close        mqtt.o
    0x08009e88   0x08009e88   0x000000d4   Code   RO         9823    i.mqtt_create_request  mqtt.o
    0x08009f5c   0x08009f5c   0x00000148   Code   RO         9824    i.mqtt_cyclic_timer  mqtt.o
    0x0800a0a4   0x0800a0a4   0x000000ac   Code   RO         9825    i.mqtt_disconnect   mqtt.o
    0x0800a150   0x0800a150   0x00000054   Code   RO         9826    i.mqtt_init_requests  mqtt.o
    0x0800a1a4   0x0800a1a4   0x000002d4   Code   RO         9827    i.mqtt_message_received  mqtt.o
    0x0800a478   0x0800a478   0x00000044   Code   RO         9828    i.mqtt_output_append_fixed_header  mqtt.o
    0x0800a4bc   0x0800a4bc   0x00000030   Code   RO         9829    i.mqtt_output_append_string  mqtt.o
    0x0800a4ec   0x0800a4ec   0x00000018   Code   RO         9830    i.mqtt_output_append_u16  mqtt.o
    0x0800a504   0x0800a504   0x00000004   Code   RO         9831    i.mqtt_output_append_u8  mqtt.o
    0x0800a508   0x0800a508   0x000000c0   Code   RO         9832    i.mqtt_output_check_space  mqtt.o
    0x0800a5c8   0x0800a5c8   0x00000174   Code   RO         9833    i.mqtt_output_send  mqtt.o
    0x0800a73c   0x0800a73c   0x00000120   Code   RO         9834    i.mqtt_parse_incoming  mqtt.o
    0x0800a85c   0x0800a85c   0x00000244   Code   RO         9835    i.mqtt_publish      mqtt.o
    0x0800aaa0   0x0800aaa0   0x000000dc   Code   RO         9836    i.mqtt_request_time_elapsed  mqtt.o
    0x0800ab7c   0x0800ab7c   0x000000cc   Code   RO         9837    i.mqtt_ringbuf_advance_get_idx  mqtt.o
    0x0800ac48   0x0800ac48   0x00000008   Code   RO         9838    i.mqtt_ringbuf_get_ptr  mqtt.o
    0x0800ac50   0x0800ac50   0x00000014   Code   RO         9839    i.mqtt_ringbuf_len  mqtt.o
    0x0800ac64   0x0800ac64   0x00000018   Code   RO         9840    i.mqtt_ringbuf_put  mqtt.o
    0x0800ac7c   0x0800ac7c   0x000000b0   Code   RO         9841    i.mqtt_set_inpub_callback  mqtt.o
    0x0800ad2c   0x0800ad2c   0x00000230   Code   RO         9842    i.mqtt_sub_unsub    mqtt.o
    0x0800af5c   0x0800af5c   0x000000d0   Code   RO         9843    i.mqtt_take_request  mqtt.o
    0x0800b02c   0x0800b02c   0x0000005c   Code   RO         9844    i.mqtt_tcp_connect_cb  mqtt.o
    0x0800b088   0x0800b088   0x000000a8   Code   RO         9845    i.mqtt_tcp_err_cb   mqtt.o
    0x0800b130   0x0800b130   0x00000012   Code   RO         9846    i.mqtt_tcp_poll_cb  mqtt.o
    0x0800b142   0x0800b142   0x00000002   PAD
    0x0800b144   0x0800b144   0x00000128   Code   RO         9847    i.mqtt_tcp_recv_cb  mqtt.o
    0x0800b26c   0x0800b26c   0x0000003e   Code   RO         9848    i.mqtt_tcp_sent_cb  mqtt.o
    0x0800b2aa   0x0800b2aa   0x00000014   Code   RO         9849    i.msg_generate_packet_id  mqtt.o
    0x0800b2be   0x0800b2be   0x00000002   PAD
    0x0800b2c0   0x0800b2c0   0x000000fc   Code   RO         6603    i.netbuf_data       netbuf.o
    0x0800b3bc   0x0800b3bc   0x00000022   Code   RO         6604    i.netbuf_delete     netbuf.o
    0x0800b3de   0x0800b3de   0x00000002   PAD
    0x0800b3e0   0x0800b3e0   0x00000138   Code   RO         6049    i.netconn_accept    api_lib.o
    0x0800b518   0x0800b518   0x00000104   Code   RO         6316    i.netconn_alloc     api_msg.o
    0x0800b61c   0x0800b61c   0x00000016   Code   RO         6050    i.netconn_apimsg    api_lib.o
    0x0800b632   0x0800b632   0x00000002   PAD
    0x0800b634   0x0800b634   0x000000b8   Code   RO         6051    i.netconn_bind      api_lib.o
    0x0800b6ec   0x0800b6ec   0x00000006   Code   RO         6053    i.netconn_close     api_lib.o
    0x0800b6f2   0x0800b6f2   0x00000002   PAD
    0x0800b6f4   0x0800b6f4   0x000000b0   Code   RO         6054    i.netconn_close_shutdown  api_lib.o
    0x0800b7a4   0x0800b7a4   0x0000001e   Code   RO         6056    i.netconn_delete    api_lib.o
    0x0800b7c2   0x0800b7c2   0x0000009c   Code   RO         6317    i.netconn_drain     api_msg.o
    0x0800b85e   0x0800b85e   0x0000001e   Code   RO         6058    i.netconn_err       api_lib.o
    0x0800b87c   0x0800b87c   0x0000016c   Code   RO         6318    i.netconn_free      api_msg.o
    0x0800b9e8   0x0800b9e8   0x00000110   Code   RO         6060    i.netconn_gethostbyname  api_lib.o
    0x0800baf8   0x0800baf8   0x000000a8   Code   RO         6061    i.netconn_listen_with_backlog  api_lib.o
    0x0800bba0   0x0800bba0   0x00000178   Code   RO         6062    i.netconn_new_with_proto_and_callback  api_lib.o
    0x0800bd18   0x0800bd18   0x00000020   Code   RO         6063    i.netconn_prepare_delete  api_lib.o
    0x0800bd38   0x0800bd38   0x0000013c   Code   RO         6064    i.netconn_recv      api_lib.o
    0x0800be74   0x0800be74   0x00000188   Code   RO         6065    i.netconn_recv_data  api_lib.o
    0x0800bffc   0x0800bffc   0x00000092   Code   RO         6066    i.netconn_recv_data_tcp  api_lib.o
    0x0800c08e   0x0800c08e   0x00000002   PAD
    0x0800c090   0x0800c090   0x000000b8   Code   RO         6075    i.netconn_tcp_recvd_msg  api_lib.o
    0x0800c148   0x0800c148   0x00000014   Code   RO         6076    i.netconn_write_partly  api_lib.o
    0x0800c15c   0x0800c15c   0x0000018c   Code   RO         6077    i.netconn_write_vectors_partly  api_lib.o
    0x0800c2e8   0x0800c2e8   0x000001d8   Code   RO         7809    i.netif_add         netif.o
    0x0800c4c0   0x0800c4c0   0x00000016   Code   RO         7811    i.netif_do_ip_addr_changed  netif.o
    0x0800c4d6   0x0800c4d6   0x00000016   Code   RO         7812    i.netif_do_set_gw   netif.o
    0x0800c4ec   0x0800c4ec   0x000000c4   Code   RO         7813    i.netif_do_set_ipaddr  netif.o
    0x0800c5b0   0x0800c5b0   0x00000016   Code   RO         7814    i.netif_do_set_netmask  netif.o
    0x0800c5c6   0x0800c5c6   0x00000002   PAD
    0x0800c5c8   0x0800c5c8   0x00000028   Code   RO         7816    i.netif_get_by_index  netif.o
    0x0800c5f0   0x0800c5f0   0x00000002   Code   RO         7818    i.netif_init        netif.o
    0x0800c5f2   0x0800c5f2   0x00000002   PAD
    0x0800c5f4   0x0800c5f4   0x000000c0   Code   RO         7820    i.netif_issue_reports  netif.o
    0x0800c6b4   0x0800c6b4   0x00000006   Code   RO         7822    i.netif_null_output_ip4  netif.o
    0x0800c6ba   0x0800c6ba   0x00000002   PAD
    0x0800c6bc   0x0800c6bc   0x00000060   Code   RO         7824    i.netif_set_addr    netif.o
    0x0800c71c   0x0800c71c   0x0000000c   Code   RO         7825    i.netif_set_default  netif.o
    0x0800c728   0x0800c728   0x000000a8   Code   RO         7826    i.netif_set_down    netif.o
    0x0800c7d0   0x0800c7d0   0x00000008   Code   RO         7829    i.netif_set_link_callback  netif.o
    0x0800c7d8   0x0800c7d8   0x000000ac   Code   RO         7830    i.netif_set_link_down  netif.o
    0x0800c884   0x0800c884   0x000000c0   Code   RO         7831    i.netif_set_link_up  netif.o
    0x0800c944   0x0800c944   0x000000a0   Code   RO         7833    i.netif_set_up      netif.o
    0x0800c9e4   0x0800c9e4   0x0000000e   Code   RO         4789    i.osDelay           cmsis_os.o
    0x0800c9f2   0x0800c9f2   0x0000000a   Code   RO         4792    i.osKernelStart     cmsis_os.o
    0x0800c9fc   0x0800c9fc   0x00000018   Code   RO         4793    i.osKernelSysTick   cmsis_os.o
    0x0800ca14   0x0800ca14   0x00000026   Code   RO         4801    i.osMessageCreate   cmsis_os.o
    0x0800ca3a   0x0800ca3a   0x00000018   Code   RO         4802    i.osMessageDelete   cmsis_os.o
    0x0800ca52   0x0800ca52   0x00000002   PAD
    0x0800ca54   0x0800ca54   0x00000094   Code   RO         4803    i.osMessageGet      cmsis_os.o
    0x0800cae8   0x0800cae8   0x0000005c   Code   RO         4805    i.osMessagePut      cmsis_os.o
    0x0800cb44   0x0800cb44   0x0000001e   Code   RO         4806    i.osMessageWaiting  cmsis_os.o
    0x0800cb62   0x0800cb62   0x00000010   Code   RO         4807    i.osMutexCreate     cmsis_os.o
    0x0800cb72   0x0800cb72   0x00000002   PAD
    0x0800cb74   0x0800cb74   0x00000050   Code   RO         4809    i.osMutexRelease    cmsis_os.o
    0x0800cbc4   0x0800cbc4   0x00000064   Code   RO         4810    i.osMutexWait       cmsis_os.o
    0x0800cc28   0x0800cc28   0x0000003e   Code   RO         4818    i.osSemaphoreCreate  cmsis_os.o
    0x0800cc66   0x0800cc66   0x00000018   Code   RO         4819    i.osSemaphoreDelete  cmsis_os.o
    0x0800cc7e   0x0800cc7e   0x00000002   PAD
    0x0800cc80   0x0800cc80   0x00000050   Code   RO         4821    i.osSemaphoreRelease  cmsis_os.o
    0x0800ccd0   0x0800ccd0   0x00000064   Code   RO         4822    i.osSemaphoreWait   cmsis_os.o
    0x0800cd34   0x0800cd34   0x00000054   Code   RO         4826    i.osThreadCreate    cmsis_os.o
    0x0800cd88   0x0800cd88   0x00000006   Code   RO         7997    i.pbuf_add_header   pbuf.o
    0x0800cd8e   0x0800cd8e   0x00000002   PAD
    0x0800cd90   0x0800cd90   0x000000c0   Code   RO         7999    i.pbuf_add_header_impl  pbuf.o
    0x0800ce50   0x0800ce50   0x0000025c   Code   RO         8000    i.pbuf_alloc        pbuf.o
    0x0800d0ac   0x0800d0ac   0x000000b0   Code   RO         8001    i.pbuf_alloc_reference  pbuf.o
    0x0800d15c   0x0800d15c   0x00000036   Code   RO         8002    i.pbuf_alloced_custom  pbuf.o
    0x0800d192   0x0800d192   0x00000002   PAD
    0x0800d194   0x0800d194   0x00000130   Code   RO         8003    i.pbuf_cat          pbuf.o
    0x0800d2c4   0x0800d2c4   0x00000012   Code   RO         8004    i.pbuf_chain        pbuf.o
    0x0800d2d6   0x0800d2d6   0x00000012   Code   RO         8005    i.pbuf_clen         pbuf.o
    0x0800d2e8   0x0800d2e8   0x0000009c   Code   RO         8006    i.pbuf_clone        pbuf.o
    0x0800d384   0x0800d384   0x000001e0   Code   RO         8008    i.pbuf_copy         pbuf.o
    0x0800d564   0x0800d564   0x00000118   Code   RO         8009    i.pbuf_copy_partial  pbuf.o
    0x0800d67c   0x0800d67c   0x00000164   Code   RO         8011    i.pbuf_free         pbuf.o
    0x0800d7e0   0x0800d7e0   0x00000034   Code   RO         8013    i.pbuf_free_ooseq_callback  pbuf.o
    0x0800d814   0x0800d814   0x00000012   Code   RO         8014    i.pbuf_get_at       pbuf.o
    0x0800d826   0x0800d826   0x00000006   Code   RO         8017    i.pbuf_header_force  pbuf.o
    0x0800d82c   0x0800d82c   0x0000000e   Code   RO         8018    i.pbuf_header_impl  pbuf.o
    0x0800d83a   0x0800d83a   0x0000001c   Code   RO         8019    i.pbuf_init_alloced_pbuf  pbuf.o
    0x0800d856   0x0800d856   0x0000001e   Code   RO         8022    i.pbuf_put_at       pbuf.o
    0x0800d874   0x0800d874   0x00000134   Code   RO         8023    i.pbuf_realloc      pbuf.o
    0x0800d9a8   0x0800d9a8   0x0000009c   Code   RO         8024    i.pbuf_ref          pbuf.o
    0x0800da44   0x0800da44   0x000000d0   Code   RO         8025    i.pbuf_remove_header  pbuf.o
    0x0800db14   0x0800db14   0x00000004   Code   RO         8026    i.pbuf_skip         pbuf.o
    0x0800db18   0x0800db18   0x00000018   Code   RO         8027    i.pbuf_skip_const   pbuf.o
    0x0800db30   0x0800db30   0x00000178   Code   RO         8029    i.pbuf_take         pbuf.o
    0x0800dca8   0x0800dca8   0x000000e0   Code   RO         8030    i.pbuf_take_at      pbuf.o
    0x0800dd88   0x0800dd88   0x00000020   Code   RO         8031    i.pbuf_try_get_at   pbuf.o
    0x0800dda8   0x0800dda8   0x000000f8   Code   RO         6319    i.pcb_new           api_msg.o
    0x0800dea0   0x0800dea0   0x000001a0   Code   RO         7592    i.plug_holes        mem.o
    0x0800e040   0x0800e040   0x000000dc   Code   RO         6320    i.poll_tcp          api_msg.o
    0x0800e11c   0x0800e11c   0x00000070   Code   RO         4469    i.prvAddCurrentTaskToDelayedList  tasks.o
    0x0800e18c   0x0800e18c   0x000000d0   Code   RO         4470    i.prvAddNewTaskToReadyList  tasks.o
    0x0800e25c   0x0800e25c   0x00000026   Code   RO         4145    i.prvCopyDataFromQueue  queue.o
    0x0800e282   0x0800e282   0x0000006c   Code   RO         4146    i.prvCopyDataToQueue  queue.o
    0x0800e2ee   0x0800e2ee   0x00000034   Code   RO         4471    i.prvDeleteTCB      tasks.o
    0x0800e322   0x0800e322   0x00000002   PAD
    0x0800e324   0x0800e324   0x0000004c   Code   RO         5154    i.prvHeapInit       heap_4.o
    0x0800e370   0x0800e370   0x00000060   Code   RO         4472    i.prvIdleTask       tasks.o
    0x0800e3d0   0x0800e3d0   0x00000016   Code   RO         4147    i.prvInitialiseMutex  queue.o
    0x0800e3e6   0x0800e3e6   0x00000016   Code   RO         4148    i.prvInitialiseNewQueue  queue.o
    0x0800e3fc   0x0800e3fc   0x00000098   Code   RO         4473    i.prvInitialiseNewTask  tasks.o
    0x0800e494   0x0800e494   0x0000004c   Code   RO         5155    i.prvInsertBlockIntoFreeList  heap_4.o
    0x0800e4e0   0x0800e4e0   0x0000001c   Code   RO         4149    i.prvIsQueueEmpty   queue.o
    0x0800e4fc   0x0800e4fc   0x00000020   Code   RO         4474    i.prvResetNextTaskUnblockTime  tasks.o
    0x0800e51c   0x0800e51c   0x00000028   Code   RO         5222    i.prvTaskExitError  port.o
    0x0800e544   0x0800e544   0x0000006a   Code   RO         4150    i.prvUnlockQueue    queue.o
    0x0800e5ae   0x0800e5ae   0x00000002   PAD
    0x0800e5b0   0x0800e5b0   0x0000000c   Code   RO         7593    i.ptr_to_mem        mem.o
    0x0800e5bc   0x0800e5bc   0x0000004a   Code   RO         9850    i.pub_ack_rec_rel_response  mqtt.o
    0x0800e606   0x0800e606   0x00000002   PAD
    0x0800e608   0x0800e608   0x000000dc   Code   RO         5156    i.pvPortMalloc      heap_4.o
    0x0800e6e4   0x0800e6e4   0x00000018   Code   RO         4476    i.pvTaskIncrementMutexHeldCount  tasks.o
    0x0800e6fc   0x0800e6fc   0x0000002c   Code   RO         5223    i.pxPortInitialiseStack  port.o
    0x0800e728   0x0800e728   0x00000184   Code   RO         6321    i.recv_tcp          api_msg.o
    0x0800e8ac   0x0800e8ac   0x00000164   Code   RO         6322    i.recv_udp          api_msg.o
    0x0800ea10   0x0800ea10   0x000000d0   Code   RO         6323    i.sent_tcp          api_msg.o
    0x0800eae0   0x0800eae0   0x00000074   Code   RO          225    i.set_computer_value  pid_protocol.o
    0x0800eb54   0x0800eb54   0x00000044   Code   RO         6324    i.setup_tcp         api_msg.o
    0x0800eb98   0x0800eb98   0x00000044   Code   RO         9642    i.sys_arch_mbox_fetch  sys_arch.o
    0x0800ebdc   0x0800ebdc   0x00000022   Code   RO         9643    i.sys_arch_mbox_tryfetch  sys_arch.o
    0x0800ebfe   0x0800ebfe   0x00000002   PAD
    0x0800ec00   0x0800ec00   0x00000018   Code   RO         9644    i.sys_arch_protect  sys_arch.o
    0x0800ec18   0x0800ec18   0x00000038   Code   RO         9645    i.sys_arch_sem_wait  sys_arch.o
    0x0800ec50   0x0800ec50   0x0000000c   Code   RO         9646    i.sys_arch_unprotect  sys_arch.o
    0x0800ec5c   0x0800ec5c   0x00000044   Code   RO         8844    i.sys_check_timeouts  timeouts.o
    0x0800eca0   0x0800eca0   0x00000018   Code   RO         9647    i.sys_init          sys_arch.o
    0x0800ecb8   0x0800ecb8   0x00000014   Code   RO         9648    i.sys_mbox_free     sys_arch.o
    0x0800eccc   0x0800eccc   0x0000002c   Code   RO         9649    i.sys_mbox_new      sys_arch.o
    0x0800ecf8   0x0800ecf8   0x00000006   Code   RO         9651    i.sys_mbox_set_invalid  sys_arch.o
    0x0800ecfe   0x0800ecfe   0x00000014   Code   RO         9652    i.sys_mbox_trypost  sys_arch.o
    0x0800ed12   0x0800ed12   0x0000000a   Code   RO         9654    i.sys_mbox_valid    sys_arch.o
    0x0800ed1c   0x0800ed1c   0x0000000a   Code   RO         9656    i.sys_mutex_lock    sys_arch.o
    0x0800ed26   0x0800ed26   0x0000001e   Code   RO         9657    i.sys_mutex_new     sys_arch.o
    0x0800ed44   0x0800ed44   0x00000006   Code   RO         9658    i.sys_mutex_unlock  sys_arch.o
    0x0800ed4a   0x0800ed4a   0x00000004   Code   RO          863    i.sys_now           ethernetif.o
    0x0800ed4e   0x0800ed4e   0x00000006   Code   RO         9659    i.sys_sem_free      sys_arch.o
    0x0800ed54   0x0800ed54   0x0000002c   Code   RO         9660    i.sys_sem_new       sys_arch.o
    0x0800ed80   0x0800ed80   0x00000006   Code   RO         9661    i.sys_sem_set_invalid  sys_arch.o
    0x0800ed86   0x0800ed86   0x00000006   Code   RO         9662    i.sys_sem_signal    sys_arch.o
    0x0800ed8c   0x0800ed8c   0x0000000a   Code   RO         9663    i.sys_sem_valid     sys_arch.o
    0x0800ed96   0x0800ed96   0x00000030   Code   RO         9664    i.sys_thread_new    sys_arch.o
    0x0800edc6   0x0800edc6   0x00000002   PAD
    0x0800edc8   0x0800edc8   0x000000c4   Code   RO         8846    i.sys_timeout       timeouts.o
    0x0800ee8c   0x0800ee8c   0x000000f8   Code   RO         8847    i.sys_timeout_abs   timeouts.o
    0x0800ef84   0x0800ef84   0x00000028   Code   RO         8848    i.sys_timeouts_init  timeouts.o
    0x0800efac   0x0800efac   0x00000028   Code   RO         8849    i.sys_timeouts_sleeptime  timeouts.o
    0x0800efd4   0x0800efd4   0x0000003c   Code   RO         8850    i.sys_untimeout     timeouts.o
    0x0800f010   0x0800f010   0x000001ac   Code   RO         8281    i.tcp_abandon       tcp.o
    0x0800f1bc   0x0800f1bc   0x00000006   Code   RO         8282    i.tcp_abort         tcp.o
    0x0800f1c2   0x0800f1c2   0x0000000e   Code   RO         8283    i.tcp_accept        tcp.o
    0x0800f1d0   0x0800f1d0   0x00000098   Code   RO         8284    i.tcp_accept_null   tcp.o
    0x0800f268   0x0800f268   0x00000124   Code   RO         8285    i.tcp_alloc         tcp.o
    0x0800f38c   0x0800f38c   0x00000008   Code   RO         8286    i.tcp_arg           tcp.o
    0x0800f394   0x0800f394   0x0000014c   Code   RO         8287    i.tcp_bind          tcp.o
    0x0800f4e0   0x0800f4e0   0x000000a0   Code   RO         8289    i.tcp_close         tcp.o
    0x0800f580   0x0800f580   0x000001dc   Code   RO         8290    i.tcp_close_shutdown  tcp.o
    0x0800f75c   0x0800f75c   0x000000c4   Code   RO         8291    i.tcp_close_shutdown_fin  tcp.o
    0x0800f820   0x0800f820   0x000001e0   Code   RO         8292    i.tcp_connect       tcp.o
    0x0800fa00   0x0800fa00   0x00000180   Code   RO         8683    i.tcp_create_segment  tcp_out.o
    0x0800fb80   0x0800fb80   0x000000b8   Code   RO         8294    i.tcp_eff_send_mss_netif  tcp.o
    0x0800fc38   0x0800fc38   0x00000234   Code   RO         8684    i.tcp_enqueue_flags  tcp_out.o
    0x0800fe6c   0x0800fe6c   0x000000a4   Code   RO         8295    i.tcp_err           tcp.o
    0x0800ff10   0x0800ff10   0x0000006c   Code   RO         8296    i.tcp_fasttmr       tcp.o
    0x0800ff7c   0x0800ff7c   0x00000090   Code   RO         8297    i.tcp_free          tcp.o
    0x0801000c   0x0801000c   0x0000013c   Code   RO         8594    i.tcp_free_acked_segments  tcp_in.o
    0x08010148   0x08010148   0x00000014   Code   RO         8298    i.tcp_free_ooseq    tcp.o
    0x0801015c   0x0801015c   0x00000028   Code   RO         8595    i.tcp_get_next_optbyte  tcp_in.o
    0x08010184   0x08010184   0x00000018   Code   RO         8299    i.tcp_init          tcp.o
    0x0801019c   0x0801019c   0x00000650   Code   RO         8596    i.tcp_input         tcp_in.o
    0x080107ec   0x080107ec   0x000000d4   Code   RO         8597    i.tcp_input_delayed_close  tcp_in.o
    0x080108c0   0x080108c0   0x000000cc   Code   RO         8685    i.tcp_keepalive     tcp_out.o
    0x0801098c   0x0801098c   0x000000bc   Code   RO         8300    i.tcp_kill_state    tcp.o
    0x08010a48   0x08010a48   0x00000070   Code   RO         8301    i.tcp_listen_closed  tcp.o
    0x08010ab8   0x08010ab8   0x00000198   Code   RO         8598    i.tcp_listen_input  tcp_in.o
    0x08010c50   0x08010c50   0x00000180   Code   RO         8303    i.tcp_listen_with_backlog_and_err  tcp.o
    0x08010dd0   0x08010dd0   0x0000004c   Code   RO         8304    i.tcp_netif_ip_addr_changed  tcp.o
    0x08010e1c   0x08010e1c   0x000000c0   Code   RO         8305    i.tcp_netif_ip_addr_changed_pcblist  tcp.o
    0x08010edc   0x08010edc   0x00000006   Code   RO         8307    i.tcp_new_ip_type   tcp.o
    0x08010ee2   0x08010ee2   0x00000002   PAD
    0x08010ee4   0x08010ee4   0x00000060   Code   RO         8308    i.tcp_new_port      tcp.o
    0x08010f44   0x08010f44   0x00000098   Code   RO         8309    i.tcp_next_iss      tcp.o
    0x08010fdc   0x08010fdc   0x0000010c   Code   RO         8599    i.tcp_oos_insert_segment  tcp_in.o
    0x080110e8   0x080110e8   0x000002e0   Code   RO         8686    i.tcp_output        tcp_out.o
    0x080113c8   0x080113c8   0x000000cc   Code   RO         8687    i.tcp_output_alloc_header  tcp_out.o
    0x08011494   0x08011494   0x00000110   Code   RO         8688    i.tcp_output_alloc_header_common  tcp_out.o
    0x080115a4   0x080115a4   0x000000e0   Code   RO         8689    i.tcp_output_control_segment  tcp_out.o
    0x08011684   0x08011684   0x000000d8   Code   RO         8690    i.tcp_output_fill_options  tcp_out.o
    0x0801175c   0x0801175c   0x000001dc   Code   RO         8691    i.tcp_output_segment  tcp_out.o
    0x08011938   0x08011938   0x000000a8   Code   RO         8692    i.tcp_output_segment_busy  tcp_out.o
    0x080119e0   0x080119e0   0x000000fc   Code   RO         8600    i.tcp_parseopt      tcp_in.o
    0x08011adc   0x08011adc   0x00000150   Code   RO         8693    i.tcp_pbuf_prealloc  tcp_out.o
    0x08011c2c   0x08011c2c   0x000000cc   Code   RO         8310    i.tcp_pcb_purge     tcp.o
    0x08011cf8   0x08011cf8   0x00000190   Code   RO         8311    i.tcp_pcb_remove    tcp.o
    0x08011e88   0x08011e88   0x000000cc   Code   RO         8312    i.tcp_poll          tcp.o
    0x08011f54   0x08011f54   0x000004c2   Code   RO         8601    i.tcp_process       tcp_in.o
    0x08012416   0x08012416   0x00000002   PAD
    0x08012418   0x08012418   0x00000104   Code   RO         8313    i.tcp_process_refused_data  tcp.o
    0x0801251c   0x0801251c   0x00000904   Code   RO         8602    i.tcp_receive       tcp_in.o
    0x08012e20   0x08012e20   0x000000a4   Code   RO         8314    i.tcp_recv          tcp.o
    0x08012ec4   0x08012ec4   0x000000b0   Code   RO         8315    i.tcp_recv_null     tcp.o
    0x08012f74   0x08012f74   0x00000100   Code   RO         8316    i.tcp_recved        tcp.o
    0x08013074   0x08013074   0x00000058   Code   RO         8317    i.tcp_remove_listener  tcp.o
    0x080130cc   0x080130cc   0x000000ec   Code   RO         8694    i.tcp_rexmit        tcp_out.o
    0x080131b8   0x080131b8   0x000000e8   Code   RO         8695    i.tcp_rexmit_fast   tcp_out.o
    0x080132a0   0x080132a0   0x000000a4   Code   RO         8696    i.tcp_rexmit_rto    tcp_out.o
    0x08013344   0x08013344   0x000000ac   Code   RO         8697    i.tcp_rexmit_rto_commit  tcp_out.o
    0x080133f0   0x080133f0   0x000000f8   Code   RO         8698    i.tcp_rexmit_rto_prepare  tcp_out.o
    0x080134e8   0x080134e8   0x00000010   Code   RO         8699    i.tcp_route         tcp_out.o
    0x080134f8   0x080134f8   0x00000114   Code   RO         8700    i.tcp_rst           tcp_out.o
    0x0801360c   0x0801360c   0x000000ac   Code   RO         8318    i.tcp_seg_copy      tcp.o
    0x080136b8   0x080136b8   0x0000001c   Code   RO         8319    i.tcp_seg_free      tcp.o
    0x080136d4   0x080136d4   0x00000012   Code   RO         8320    i.tcp_segs_free     tcp.o
    0x080136e6   0x080136e6   0x00000002   PAD
    0x080136e8   0x080136e8   0x000000ec   Code   RO         8701    i.tcp_send_empty_ack  tcp_out.o
    0x080137d4   0x080137d4   0x000000cc   Code   RO         8702    i.tcp_send_fin      tcp_out.o
    0x080138a0   0x080138a0   0x000000a4   Code   RO         8321    i.tcp_sent          tcp.o
    0x08013944   0x08013944   0x000000dc   Code   RO         8323    i.tcp_shutdown      tcp.o
    0x08013a20   0x08013a20   0x000005d0   Code   RO         8324    i.tcp_slowtmr       tcp.o
    0x08013ff0   0x08013ff0   0x0000022c   Code   RO         8703    i.tcp_split_unsent_seg  tcp_out.o
    0x0801421c   0x0801421c   0x00000034   Code   RO         8851    i.tcp_timer_needed  timeouts.o
    0x08014250   0x08014250   0x00000100   Code   RO         8603    i.tcp_timewait_input  tcp_in.o
    0x08014350   0x08014350   0x00000020   Code   RO         8326    i.tcp_tmr           tcp.o
    0x08014370   0x08014370   0x00000010   Code   RO         8604    i.tcp_trigger_input_pcb_close  tcp_in.o
    0x08014380   0x08014380   0x000000f4   Code   RO         8328    i.tcp_update_rcv_ann_wnd  tcp.o
    0x08014474   0x08014474   0x000006b8   Code   RO         8704    i.tcp_write         tcp_out.o
    0x08014b2c   0x08014b2c   0x00000174   Code   RO         8705    i.tcp_write_checks  tcp_out.o
    0x08014ca0   0x08014ca0   0x00000140   Code   RO         8706    i.tcp_zero_window_probe  tcp_out.o
    0x08014de0   0x08014de0   0x00000110   Code   RO         7085    i.tcpip_init        tcpip.o
    0x08014ef0   0x08014ef0   0x000000c0   Code   RO         7086    i.tcpip_inpkt       tcpip.o
    0x08014fb0   0x08014fb0   0x0000001c   Code   RO         7087    i.tcpip_input       tcpip.o
    0x08014fcc   0x08014fcc   0x00000020   Code   RO         7088    i.tcpip_send_msg_wait_sem  tcpip.o
    0x08014fec   0x08014fec   0x00000038   Code   RO         8852    i.tcpip_tcp_timer   timeouts.o
    0x08015024   0x08015024   0x000000f8   Code   RO         7089    i.tcpip_thread      tcpip.o
    0x0801511c   0x0801511c   0x000000cc   Code   RO         7090    i.tcpip_thread_handle_msg  tcpip.o
    0x080151e8   0x080151e8   0x000000bc   Code   RO         7091    i.tcpip_try_callback  tcpip.o
    0x080152a4   0x080152a4   0x00000134   Code   RO         8935    i.udp_bind          udp.o
    0x080153d8   0x080153d8   0x00000018   Code   RO         8939    i.udp_init          udp.o
    0x080153f0   0x080153f0   0x000001e8   Code   RO         8940    i.udp_input         udp.o
    0x080155d8   0x080155d8   0x0000010c   Code   RO         8941    i.udp_input_local_match  udp.o
    0x080156e4   0x080156e4   0x00000034   Code   RO         8942    i.udp_netif_ip_addr_changed  udp.o
    0x08015718   0x08015718   0x0000001a   Code   RO         8943    i.udp_new           udp.o
    0x08015732   0x08015732   0x00000004   Code   RO         8944    i.udp_new_ip_type   udp.o
    0x08015736   0x08015736   0x00000002   PAD
    0x08015738   0x08015738   0x00000088   Code   RO         8945    i.udp_recv          udp.o
    0x080157c0   0x080157c0   0x000000b0   Code   RO         8946    i.udp_remove        udp.o
    0x08015870   0x08015870   0x00000114   Code   RO         8948    i.udp_sendto        udp.o
    0x08015984   0x08015984   0x00000140   Code   RO         8949    i.udp_sendto_if     udp.o
    0x08015ac4   0x08015ac4   0x00000248   Code   RO         8950    i.udp_sendto_if_src  udp.o
    0x08015d0c   0x08015d0c   0x00000026   Code   RO         4105    i.uxListRemove      list.o
    0x08015d32   0x08015d32   0x00000024   Code   RO         4151    i.uxQueueMessagesWaiting  queue.o
    0x08015d56   0x08015d56   0x00000016   Code   RO         4152    i.uxQueueMessagesWaitingFromISR  queue.o
    0x08015d6c   0x08015d6c   0x00000014   Code   RO          626    i.vApplicationGetIdleTaskMemory  freertos.o
    0x08015d80   0x08015d80   0x00000016   Code   RO         4106    i.vListInitialise   list.o
    0x08015d96   0x08015d96   0x00000006   Code   RO         4107    i.vListInitialiseItem  list.o
    0x08015d9c   0x08015d9c   0x00000030   Code   RO         4108    i.vListInsert       list.o
    0x08015dcc   0x08015dcc   0x00000018   Code   RO         4109    i.vListInsertEnd    list.o
    0x08015de4   0x08015de4   0x00000040   Code   RO         5225    i.vPortEnterCritical  port.o
    0x08015e24   0x08015e24   0x00000028   Code   RO         5226    i.vPortExitCritical  port.o
    0x08015e4c   0x08015e4c   0x00000064   Code   RO         5157    i.vPortFree         heap_4.o
    0x08015eb0   0x08015eb0   0x00000024   Code   RO         5227    i.vPortSetupTimerInterrupt  port.o
    0x08015ed4   0x08015ed4   0x00000054   Code   RO         5228    i.vPortValidateInterruptPriority  port.o
    0x08015f28   0x08015f28   0x0000002e   Code   RO         4155    i.vQueueDelete      queue.o
    0x08015f56   0x08015f56   0x00000002   PAD
    0x08015f58   0x08015f58   0x00000028   Code   RO         4156    i.vQueueUnregisterQueue  queue.o
    0x08015f80   0x08015f80   0x0000004c   Code   RO         4483    i.vTaskDelay        tasks.o
    0x08015fcc   0x08015fcc   0x00000010   Code   RO         4486    i.vTaskInternalSetTimeOutState  tasks.o
    0x08015fdc   0x08015fdc   0x0000000c   Code   RO         4487    i.vTaskMissedYield  tasks.o
    0x08015fe8   0x08015fe8   0x00000030   Code   RO         4489    i.vTaskPlaceOnEventList  tasks.o
    0x08016018   0x08016018   0x000000a0   Code   RO         4491    i.vTaskPriorityDisinheritAfterTimeout  tasks.o
    0x080160b8   0x080160b8   0x0000006c   Code   RO         4496    i.vTaskStartScheduler  tasks.o
    0x08016124   0x08016124   0x00000010   Code   RO         4498    i.vTaskSuspendAll   tasks.o
    0x08016134   0x08016134   0x0000005c   Code   RO         4499    i.vTaskSwitchContext  tasks.o
    0x08016190   0x08016190   0x000000f4   Code   RO         5229    i.xPortStartScheduler  port.o
    0x08016284   0x08016284   0x0000002c   Code   RO         5230    i.xPortSysTickHandler  port.o
    0x080162b0   0x080162b0   0x00000016   Code   RO         4157    i.xQueueCreateMutex  queue.o
    0x080162c6   0x080162c6   0x0000001a   Code   RO         4158    i.xQueueCreateMutexStatic  queue.o
    0x080162e0   0x080162e0   0x00000042   Code   RO         4159    i.xQueueGenericCreate  queue.o
    0x08016322   0x08016322   0x00000066   Code   RO         4160    i.xQueueGenericCreateStatic  queue.o
    0x08016388   0x08016388   0x00000088   Code   RO         4161    i.xQueueGenericReset  queue.o
    0x08016410   0x08016410   0x00000160   Code   RO         4162    i.xQueueGenericSend  queue.o
    0x08016570   0x08016570   0x000000be   Code   RO         4163    i.xQueueGenericSendFromISR  queue.o
    0x0801662e   0x0801662e   0x0000009c   Code   RO         4164    i.xQueueGiveFromISR  queue.o
    0x080166ca   0x080166ca   0x00000002   PAD
    0x080166cc   0x080166cc   0x00000138   Code   RO         4169    i.xQueueReceive     queue.o
    0x08016804   0x08016804   0x0000009a   Code   RO         4170    i.xQueueReceiveFromISR  queue.o
    0x0801689e   0x0801689e   0x00000002   PAD
    0x080168a0   0x080168a0   0x00000178   Code   RO         4171    i.xQueueSemaphoreTake  queue.o
    0x08016a18   0x08016a18   0x00000074   Code   RO         4501    i.xTaskCheckForTimeOut  tasks.o
    0x08016a8c   0x08016a8c   0x0000005a   Code   RO         4502    i.xTaskCreate       tasks.o
    0x08016ae6   0x08016ae6   0x00000056   Code   RO         4503    i.xTaskCreateStatic  tasks.o
    0x08016b3c   0x08016b3c   0x0000001c   Code   RO         4507    i.xTaskGetSchedulerState  tasks.o
    0x08016b58   0x08016b58   0x0000000c   Code   RO         4508    i.xTaskGetTickCount  tasks.o
    0x08016b64   0x08016b64   0x00000010   Code   RO         4509    i.xTaskGetTickCountFromISR  tasks.o
    0x08016b74   0x08016b74   0x000000cc   Code   RO         4510    i.xTaskIncrementTick  tasks.o
    0x08016c40   0x08016c40   0x00000098   Code   RO         4513    i.xTaskPriorityDisinherit  tasks.o
    0x08016cd8   0x08016cd8   0x0000008c   Code   RO         4514    i.xTaskPriorityInherit  tasks.o
    0x08016d64   0x08016d64   0x00000074   Code   RO         4515    i.xTaskRemoveFromEventList  tasks.o
    0x08016dd8   0x08016dd8   0x000000c4   Code   RO         4516    i.xTaskResumeAll    tasks.o
    0x08016e9c   0x08016e9c   0x00000454   Data   RO          628    .constdata          freertos.o
    0x080172f0   0x080172f0   0x0000001c   Data   RO          790    .constdata          lwip.o
    0x0801730c   0x0801730c   0x0000001c   Data   RO          865    .constdata          ethernetif.o
    0x08017328   0x08017328   0x00000010   Data   RO         3964    .constdata          system_stm32f4xx.o
    0x08017338   0x08017338   0x00000008   Data   RO         3965    .constdata          system_stm32f4xx.o
    0x08017340   0x08017340   0x00000006   Data   RO         5835    .constdata          ethernet.o
    0x08017346   0x08017346   0x00000006   Data   RO         5836    .constdata          ethernet.o
    0x0801734c   0x0801734c   0x00000003   Data   RO         6325    .constdata          api_msg.o
    0x0801734f   0x0801734f   0x00000001   PAD
    0x08017350   0x08017350   0x0000000c   Data   RO         7685    .constdata          memp.o
    0x0801735c   0x0801735c   0x0000000c   Data   RO         7686    .constdata          memp.o
    0x08017368   0x08017368   0x0000000c   Data   RO         7687    .constdata          memp.o
    0x08017374   0x08017374   0x0000000c   Data   RO         7688    .constdata          memp.o
    0x08017380   0x08017380   0x0000000c   Data   RO         7689    .constdata          memp.o
    0x0801738c   0x0801738c   0x0000000c   Data   RO         7690    .constdata          memp.o
    0x08017398   0x08017398   0x0000000c   Data   RO         7691    .constdata          memp.o
    0x080173a4   0x080173a4   0x0000000c   Data   RO         7692    .constdata          memp.o
    0x080173b0   0x080173b0   0x0000000c   Data   RO         7693    .constdata          memp.o
    0x080173bc   0x080173bc   0x0000000c   Data   RO         7694    .constdata          memp.o
    0x080173c8   0x080173c8   0x0000000c   Data   RO         7695    .constdata          memp.o
    0x080173d4   0x080173d4   0x0000000c   Data   RO         7696    .constdata          memp.o
    0x080173e0   0x080173e0   0x0000000c   Data   RO         7697    .constdata          memp.o
    0x080173ec   0x080173ec   0x0000000c   Data   RO         7698    .constdata          memp.o
    0x080173f8   0x080173f8   0x00000038   Data   RO         7699    .constdata          memp.o
    0x08017430   0x08017430   0x00000054   Data   RO         8329    .constdata          tcp.o
    0x08017484   0x08017484   0x00000020   Data   RO         8853    .constdata          timeouts.o
    0x080174a4   0x080174a4   0x00000004   Data   RO         9326    .constdata          ip4_addr.o
    0x080174a8   0x080174a8   0x00000018   Data   RO         9665    .constdata          sys_arch.o
    0x080174c0   0x080174c0   0x00000081   Data   RO        10047    .constdata          mc_w.l(ctype_o.o)
    0x08017541   0x08017541   0x00000003   PAD
    0x08017544   0x08017544   0x00000004   Data   RO        10048    .constdata          mc_w.l(ctype_o.o)
    0x08017548   0x08017548   0x000000b1   Data   RO          629    .conststring        freertos.o
    0x080175f9   0x080175f9   0x00000003   PAD
    0x080175fc   0x080175fc   0x00000008   Data   RO          791    .conststring        lwip.o
    0x08017604   0x08017604   0x00000006   Data   RO          866    .conststring        ethernetif.o
    0x0801760a   0x0801760a   0x00000002   PAD
    0x0801760c   0x0801760c   0x00000075   Data   RO         8330    .conststring        tcp.o
    0x08017681   0x08017681   0x00000003   PAD
    0x08017684   0x08017684   0x00000055   Data   RO         8707    .conststring        tcp_out.o
    0x080176d9   0x080176d9   0x00000003   PAD
    0x080176dc   0x080176dc   0x00000041   Data   RO         9111    .conststring        etharp.o
    0x0801771d   0x0801771d   0x00000003   PAD
    0x08017720   0x08017720   0x00000085   Data   RO         9851    .conststring        mqtt.o
    0x080177a5   0x080177a5   0x00000003   PAD
    0x080177a8   0x080177a8   0x00000020   Data   RO        10444    Region$$Table       anon$$obj.o


    Execution Region RW_IRAM1 (Exec base: 0x20000000, Load base: 0x080177c8, Size: 0x0000b638, Max: 0x0001c000, ABSOLUTE, COMPRESSED[0x00000040])

    Exec Addr    Load Addr    Size         Type   Attr      Idx    E Section Name        Object

    0x20000000   COMPRESSED   0x0000000c   Data   RW          157    .data               pid.o
    0x2000000c   COMPRESSED   0x00000031   Data   RW          630    .data               freertos.o
    0x2000003d   COMPRESSED   0x00000003   PAD
    0x20000040   COMPRESSED   0x00000024   Data   RW          792    .data               lwip.o
    0x20000064   COMPRESSED   0x00000004   Data   RW          867    .data               ethernetif.o
    0x20000068   COMPRESSED   0x00000008   Data   RW         1107    .data               tim.o
    0x20000070   COMPRESSED   0x00000001   Data   RW         1187    .data               usart.o
    0x20000071   COMPRESSED   0x00000003   PAD
    0x20000074   COMPRESSED   0x0000000c   Data   RW         2401    .data               stm32f4xx_hal.o
    0x20000080   COMPRESSED   0x00000004   Data   RW         3966    .data               system_stm32f4xx.o
    0x20000084   COMPRESSED   0x0000003c   Data   RW         4519    .data               tasks.o
    0x200000c0   COMPRESSED   0x00000020   Data   RW         5163    .data               heap_4.o
    0x200000e0   COMPRESSED   0x0000000c   Data   RW         5231    .data               port.o
    0x200000ec   COMPRESSED   0x00000010   Data   RW         7092    .data               tcpip.o
    0x200000fc   COMPRESSED   0x0000000c   Data   RW         7327    .data               dns.o
    0x20000108   COMPRESSED   0x00000010   Data   RW         7595    .data               mem.o
    0x20000118   COMPRESSED   0x00000004   Data   RW         7700    .data               memp.o
    0x2000011c   COMPRESSED   0x00000004   Data   RW         7701    .data               memp.o
    0x20000120   COMPRESSED   0x00000004   Data   RW         7702    .data               memp.o
    0x20000124   COMPRESSED   0x00000004   Data   RW         7703    .data               memp.o
    0x20000128   COMPRESSED   0x00000004   Data   RW         7704    .data               memp.o
    0x2000012c   COMPRESSED   0x00000004   Data   RW         7705    .data               memp.o
    0x20000130   COMPRESSED   0x00000004   Data   RW         7706    .data               memp.o
    0x20000134   COMPRESSED   0x00000004   Data   RW         7707    .data               memp.o
    0x20000138   COMPRESSED   0x00000004   Data   RW         7708    .data               memp.o
    0x2000013c   COMPRESSED   0x00000004   Data   RW         7709    .data               memp.o
    0x20000140   COMPRESSED   0x00000004   Data   RW         7710    .data               memp.o
    0x20000144   COMPRESSED   0x00000004   Data   RW         7711    .data               memp.o
    0x20000148   COMPRESSED   0x00000004   Data   RW         7712    .data               memp.o
    0x2000014c   COMPRESSED   0x00000004   Data   RW         7713    .data               memp.o
    0x20000150   COMPRESSED   0x0000000c   Data   RW         7834    .data               netif.o
    0x2000015c   COMPRESSED   0x00000001   Data   RW         8032    .data               pbuf.o
    0x2000015d   COMPRESSED   0x00000003   PAD
    0x20000160   COMPRESSED   0x00000020   Data   RW         8331    .data               tcp.o
    0x20000180   COMPRESSED   0x00000024   Data   RW         8606    .data               tcp_in.o
    0x200001a4   COMPRESSED   0x0000000c   Data   RW         8855    .data               timeouts.o
    0x200001b0   COMPRESSED   0x00000008   Data   RW         8951    .data               udp.o
    0x200001b8   COMPRESSED   0x00000001   Data   RW         9112    .data               etharp.o
    0x200001b9   COMPRESSED   0x00000001   PAD
    0x200001ba   COMPRESSED   0x00000002   Data   RW         9270    .data               ip4.o
    0x200001bc   COMPRESSED   0x00000008   Data   RW         9397    .data               ip4_frag.o
    0x200001c4   COMPRESSED   0x00000004   Data   RW         9667    .data               sys_arch.o
    0x200001c8   COMPRESSED   0x00000004   Data   RW        10077    .data               mc_w.l(rand.o)
    0x200001cc   COMPRESSED   0x00000004   Data   RW        10398    .data               mc_w.l(stdout.o)
    0x200001d0   COMPRESSED   0x00000004   Data   RW        10408    .data               mc_w.l(errno.o)
    0x200001d4        -       0x00000098   Zero   RW          226    .bss                pid_protocol.o
    0x2000026c        -       0x00000274   Zero   RW          627    .bss                freertos.o
    0x200004e0        -       0x00000034   Zero   RW          789    .bss                lwip.o
    0x20000514        -       0x000030e8   Zero   RW          864    .bss                ethernetif.o
    0x200035fc        -       0x000000d8   Zero   RW         1106    .bss                tim.o
    0x200036d4        -       0x00000064   Zero   RW         1186    .bss                usart.o
    0x20003738        -       0x00000040   Zero   RW         4172    .bss                queue.o
    0x20003778        -       0x000000f0   Zero   RW         4518    .bss                tasks.o
    0x20003868        -       0x00003c00   Zero   RW         5162    .bss                heap_4.o
    0x20007468        -       0x00000480   Zero   RW         7325    .bss                dns.o
    0x200078e8        -       0x00000018   Zero   RW         7562    .bss                ip.o
    0x20007900        -       0x00000653   Zero   RW         7594    .bss                mem.o
    0x20007f53        -       0x00000083   Zero   RW         7671    .bss                memp.o
    0x20007fd6        -       0x0000030f   Zero   RW         7672    .bss                memp.o
    0x200082e5        -       0x000000e3   Zero   RW         7673    .bss                memp.o
    0x200083c8        -       0x00000103   Zero   RW         7674    .bss                memp.o
    0x200084cb        -       0x000000a3   Zero   RW         7675    .bss                memp.o
    0x2000856e        -       0x0000016b   Zero   RW         7676    .bss                memp.o
    0x200086d9        -       0x00000023   Zero   RW         7677    .bss                memp.o
    0x200086fc        -       0x000000a3   Zero   RW         7678    .bss                memp.o
    0x2000879f        -       0x00000083   Zero   RW         7679    .bss                memp.o
    0x20008822        -       0x00000083   Zero   RW         7680    .bss                memp.o
    0x200088a5        -       0x00000043   Zero   RW         7681    .bss                memp.o
    0x200088e8        -       0x00000137   Zero   RW         7682    .bss                memp.o
    0x20008a1f        -       0x00000103   Zero   RW         7683    .bss                memp.o
    0x20008b22        -       0x00002603   Zero   RW         7684    .bss                memp.o
    0x2000b125   COMPRESSED   0x00000003   PAD
    0x2000b128        -       0x00000010   Zero   RW         8605    .bss                tcp_in.o
    0x2000b138        -       0x000000f0   Zero   RW         9110    .bss                etharp.o
    0x2000b228        -       0x00000010   Zero   RW         9325    .bss                ip4_addr.o
    0x2000b238        -       0x00000400   Zero   RW            1    STACK               startup_stm32f407xx.o


    Execution Region RW_IRAM2 (Exec base: 0x2001c000, Load base: 0x08017808, Size: 0x00000000, Max: 0x00004000, ABSOLUTE)

    **** No section assigned to this execution region ****


==============================================================================

Image component sizes


      Code (inc. data)   RO Data    RW Data    ZI Data      Debug   Object Name

      3062       1598          0          0          0      44516   api_lib.o
      6672       2922          3          0          0      41799   api_msg.o
         0          0          0          0          0       2236   auth.o
         0          0          0          0          0      11083   bridgeif.o
       950         30          0          0          0      39926   cmsis_os.o
        60          0          0          0          0       2102   def.o
      2328        344          0         12       1152      17982   dns.o
         0          0          0          0          0       2480   err.o
      2936       1186         65          1        240      13251   etharp.o
       412        154         12          0          0       2866   ethernet.o
      1362        176         34          4      12520      63069   ethernetif.o
         0          0          0          0          0      20196   event_groups.o
      1346        390       1285         49        628      31216   freertos.o
       140         10          0          0          0     722339   gpio.o
       472         24          0         32      15360       7651   heap_4.o
       776        350          0          0          0       4630   icmp.o
        38          0          0          0          0      11391   init.o
         0          0          0          0         24       3282   ip.o
       918        184          0          2          0       5864   ip4.o
       594        124          4          0         16      14163   ip4_addr.o
      2904       1164          0          8          0      12094   ip4_frag.o
       138          0          0          0          0      13046   list.o
       368         26         36         36         52       2202   lwip.o
       186          8          0          0          0      44027   main.o
      2206       1044          0         16       1619       9210   mem.o
       746        500        224         56      12754      11534   memp.o
        24          8          0          0          0     678863   motor.o
      7416       3540        133          0          0      40046   mqtt.o
       286        180          0          0          0      10998   netbuf.o
      1782        996          0         12          0      16600   netif.o
      4124       2130          0          1          0      23479   pbuf.o
       222         20          0         12          0       4605   pid.o
       136         18          0          0        152       4181   pid_protocol.o
       786         82          0         12          0      12225   port.o
      2360         22          0          0         64      27198   queue.o
        36          8        392          0       1024        868   startup_stm32f407xx.o
       180         28          0         12          0       9649   stm32f4xx_hal.o
       198         14          0          0          0      34147   stm32f4xx_hal_cortex.o
       182          0          0          0          0       2195   stm32f4xx_hal_dma.o
      2452         74          0          0          0      15423   stm32f4xx_hal_eth.o
       506         46          0          0          0       2288   stm32f4xx_hal_gpio.o
        56          4          0          0          0        898   stm32f4xx_hal_msp.o
      1360         82          0          0          0       5936   stm32f4xx_hal_rcc.o
      2180        118          0          0          0      18580   stm32f4xx_hal_tim.o
       148         28          0          0          0       2577   stm32f4xx_hal_tim_ex.o
      1712         16          0          0          0      11977   stm32f4xx_hal_uart.o
        72         18          0          0          0       4934   stm32f4xx_it.o
         0          0          0          0          0        432   stream_buffer.o
       484         24         24          4          0      20008   sys_arch.o
        16          4         24          4          0       1199   system_stm32f4xx.o
      2360        184          0         60        240      29830   tasks.o
      8512       4220        201         32          0      45306   tcp.o
      6910       2036          0         36         16      23135   tcp_in.o
      8536       4058         85          0          0      35778   tcp_out.o
      1164        666          0         16          0       8706   tcpip.o
       848         86          0          8        216       5654   tim.o
       820        378         32         12          0       8735   timeouts.o
      2662       1398          0          8          0      12730   udp.o
       252         38          0          1        100       3039   usart.o

    ----------------------------------------------------------------------
     87496      30758       2604        456      46180    2276374   Object Totals
         0          0         32          0          0          0   (incl. Generated)
       100          0         18         10          3          0   (incl. Padding)

    ----------------------------------------------------------------------

      Code (inc. data)   RO Data    RW Data    ZI Data      Debug   Library Member Name

        56          8          0          0          0         84   __0sscanf.o
        58          0          0          0          0          0   __dczerorl.o
        28          0          0          0          0         68   _chval.o
       816          6          0          0          0        112   _scanf.o
       332          0          0          0          0         96   _scanf_int.o
        64          0          0          0          0         84   _sgetc.o
       158          0          0          0          0         92   _strtoul.o
        26          0          0          0          0         80   atoi.o
         8          4        133          0          0         68   ctype_o.o
         0          0          0          0          0          0   entry.o
         0          0          0          0          0          0   entry10a.o
         0          0          0          0          0          0   entry11a.o
         4          0          0          0          0          0   entry12b.o
         8          4          0          0          0          0   entry2.o
         4          0          0          0          0          0   entry5.o
         0          0          0          0          0          0   entry7b.o
         0          0          0          0          0          0   entry8b.o
         8          4          0          0          0          0   entry9a.o
         8          4          0          4          0         68   errno.o
        30          0          0          0          0          0   handlers.o
        36          8          0          0          0         68   init.o
        18          0          0          0          0         76   isspace_o.o
         0          0          0          0          0          0   iusefp.o
        30          0          0          0          0         68   llshl.o
        36          0          0          0          0         68   llsshr.o
        32          0          0          0          0         68   llushr.o
        26          0          0          0          0         80   memcmp.o
        64          0          0          0          0         76   memmovea.o
        36          0          0          0          0        108   memseta.o
      2292         94          0          0          0        620   printfa.o
        36         10          0          4          0        136   rand.o
        40          8          0          0          0         84   scanf_char.o
         0          0          0          4          0          0   stdout.o
        28          0          0          0          0         76   strcmp.o
        14          0          0          0          0         68   strlen.o
        36          0          0          0          0         80   strstr.o
       112          0          0          0          0         88   strtol.o
        12          0          0          0          0         68   tolower.o
        44          0          0          0          0         80   uidiv.o
        98          0          0          0          0         92   uldiv.o
        48          0          0          0          0         68   cdrcmple.o
        56          0          0          0          0         88   d2f.o
       334          0          0          0          0        148   dadd.o
       222          0          0          0          0        100   ddiv.o
       186          0          0          0          0        176   depilogue.o
        62          0          0          0          0         80   dfixi.o
        48          0          0          0          0         68   dfixul.o
        26          0          0          0          0         76   dfltui.o
       228          0          0          0          0         96   dmul.o
        38          0          0          0          0         68   f2d.o
       110          0          0          0          0        168   fepilogue.o

    ----------------------------------------------------------------------
      5964        150        136         12          0       3892   Library Totals
         8          0          3          0          0          0   (incl. Padding)

    ----------------------------------------------------------------------

      Code (inc. data)   RO Data    RW Data    ZI Data      Debug   Library Name

      4598        150        133         12          0       2756   mc_w.l
      1358          0          0          0          0       1136   mf_w.l

    ----------------------------------------------------------------------
      5964        150        136         12          0       3892   Library Totals

    ----------------------------------------------------------------------

==============================================================================


      Code (inc. data)   RO Data    RW Data    ZI Data      Debug   

     93460      30908       2740        468      46180    2226718   Grand Totals
     93460      30908       2740         64      46180    2226718   ELF Image Totals (compressed)
     93460      30908       2740         64          0          0   ROM Totals

==============================================================================

    Total RO  Size (Code + RO Data)                96200 (  93.95kB)
    Total RW  Size (RW Data + ZI Data)             46648 (  45.55kB)
    Total ROM Size (Code + RO Data + RW Data)      96264 (  94.01kB)

==============================================================================

