<html>
<body>
<pre>
<h1>µVision Build Log</h1>
<h2>Tool Versions:</h2>
IDE-Version: ¦ÌVision V5.36.0.0
Copyright (C) 2021 ARM Ltd and ARM Germany GmbH. All rights reserved.
License Information: HXH,  , LIC=8VRJ7-E0U2Q-CXTU6-DTURZ-CCLLK-P7JB7
 
Tool Versions:
Toolchain:       MDK-ARM Plus  Version: 5.36.0.0
Toolchain Path:  D:\my_software\keil5_stm32\Core\ARM\ARMCC\Bin
C Compiler:      Armcc.exe V5.06 update 7 (build 960)
Assembler:       Armasm.exe V5.06 update 7 (build 960)
Linker/Locator:  ArmLink.exe V5.06 update 7 (build 960)
Library Manager: ArmAr.exe V5.06 update 7 (build 960)
Hex Converter:   FromElf.exe V5.06 update 7 (build 960)
CPU DLL:         SARMCM3.DLL V5.36.0.0
Dialog DLL:      DCM.DLL V1.17.3.0
Target DLL:      CMSIS_AGDI.dll V1.33.0.0
Dialog DLL:      TCM.DLL V1.53.0.0
 
<h2>Project:</h2>
D:\my_programs\mcu_programs\stm32\stm32f407vet6\CubeMX\mqtt_pid\com_f407\MDK-ARM\com_f407.uvprojx
Project File Date:  08/14/2025

<h2>Output:</h2>
*** Using Compiler 'V5.06 update 7 (build 960)', folder: 'D:\my_software\keil5_stm32\Core\ARM\ARMCC\Bin'
Build target 'com_f407'
compiling freertos.c...
../Src/freertos.c(292): warning:  #127-D: expected a statement
  		}
../Src/freertos.c(159): warning:  #177-D: function "pid_thread"  was declared but never referenced
  static void pid_thread(void *param)
../Src/freertos.c: 2 warnings, 0 errors
linking...
Program Size: Code=93460 RO-data=2740 RW-data=468 ZI-data=46180  
FromELF: creating hex file...
"com_f407\com_f407.axf" - 0 Error(s), 2 Warning(s).

<h2>Software Packages used:</h2>

Package Vendor: ARM
                http://www.keil.com/pack/ARM.CMSIS.5.8.0.pack
                ARM.CMSIS.5.8.0
                CMSIS (Common Microcontroller Software Interface Standard)
   * Component: CORE Version: 5.5.0

Package Vendor: Keil
                https://www.keil.com/pack/Keil.STM32F4xx_DFP.3.1.0.pack
                Keil.STM32F4xx_DFP.3.1.0
                STMicroelectronics STM32F4 Series Device Support

<h2>Collection of Component include folders:</h2>
  .\RTE\_com_f407
  D:\my_software\keil5_stm32\Packs\ARM\CMSIS\5.8.0\CMSIS\Core\Include

<h2>Collection of Component Files used:</h2>

   * Component: ARM::CMSIS:CORE:5.5.0
      Include file:  CMSIS\Core\Include\tz_context.h
Build Time Elapsed:  00:00:04
</pre>
</body>
</html>
